emory: 496648k/524288k available (5322k kernel code, 516k absent, 27124k reserved, 2906k data, 864k init)
[    0.000000] SLUB: Genslabs=14, HWalign=64, Order=0-3, MinObjects=0, CPUs=4, Nodes=1
[    0.000000] Hierarchical RCU implementation.
[    0.000000] NR_IRQS:4352 nr_irqs:440
[    0.000000] Extended CMOS year: 2000
[    0.000000] Console: colour VGA+ 80x25
[    0.000000] console [tty0] enabled
[    0.000000] allocated 5242880 bytes of page_cgroup
[    0.000000] please try 'cgroup_disable=memory' option if you don't want memory cgroups
[    0.000000] TSC freq read from hypervisor : 2128.049 MHz
[    0.000000] Detected 2128.049 MHz processor.
[    0.010009] Calibrating delay loop (skipped), value calculated using timer frequency.. 4256.09 BogoMIPS (lpj=21280490)
[    0.010055] Security Framework initialized
[    0.010078] SELinux:  Disabled at boot.
[    0.010183] Dentry cache hash table entries: 65536 (order: 7, 524288 bytes)
[    0.010995] Inode-cache hash table entries: 32768 (order: 6, 262144 bytes)
[    0.011078] Mount-cache hash table entries: 256
[    0.011683] Initializing cgroup subsys ns
[    0.011700] Initializing cgroup subsys cpuacct
[    0.011704] Initializing cgroup subsys memory
[    0.011713] Initializing cgroup subsys devices
[    0.011720] Initializing cgroup subsys freezer
[    0.011725] Initializing cgroup subsys net_cls
[    0.011859] CPU: L1 I cache: 32K, L1 D cache: 32K
[    0.011862] CPU: L2 cache: 4096K
[    0.011878] CPU 0/0x0 -> Node 0
[    0.011887] mce: CPU supports 0 MCE banks
[    0.011920] Performance Events: Core2 events, Intel PMU driver.
[    0.011933] ... version:                2
[    0.011935] ... bit width:              40
[    0.011936] ... generic registers:      2
[    0.011938] ... value mask:             000000ffffffffff
[    0.011940] ... max period:             000000007fffffff
[    0.011942] ... fixed-purpose events:   3
[    0.011943] ... event mask:             0000000700000003
[    0.011985] SMP alternatives: switching to UP code
[    0.141301] ACPI: Core revision 20090903
[    0.166870] ftrace: converting mcount calls to 0f 1f 44 00 00
[    0.166957] ftrace: allocating 21051 entries in 83 pages
[    0.170418] Setting APIC routing to flat
[    0.171071] ..TIMER: vector=0x30 apic1=0 pin1=2 apic2=-1 pin2=-1
[    0.274427] CPU0: Intel(R) Core(TM)2 CPU          6420  @ 2.13GHz stepping 06
[    0.280000] Brought up 1 CPUs
[    0.280000] Total of 1 processors activated (4256.09 BogoMIPS).
[    0.280000] CPU0 attaching NULL sched-domain.
[    0.280000] devtmpfs: initialized
[    0.280000] regulator: core version 0.5
[    0.280000] Time: 12:27:27  Date: 08/18/11
[    0.280000] NET: Registered protocol family 16
[    0.280000] ACPI: bus type pci registered
[    0.280000] PCI: MCFG configuration 0: base e0000000 segment 0 buses 0 - 255
[    0.280000] PCI: MCFG area at e0000000 reserved in E820
[    0.282328] PCI: Using MMCONFIG at e0000000 - efffffff
[    0.282332] PCI: Using configuration type 1 for base access
[    0.283475] bio: create slab <bio-0> at 0
[    0.290482] ACPI: EC: Look up EC in DSDT
[    0.352154] ACPI: BIOS _OSI(Linux) query ignored
[    0.367884] ACPI: Interpreter enabled
[    0.367905] ACPI: (supports S0 S1 S4 S5)
[    0.367955] ACPI: Using IOAPIC for interrupt routing
[    0.490246] ACPI: No dock devices found.
[    0.491666] ACPI: PCI Root Bridge [PCI0] (0000:00)
[    0.494496] pci 0000:00:07.1: reg 20 io port: [0x10c0-0x10cf]
[    0.495379] pci 0000:00:07.3: quirk: region 1000-103f claimed by PIIX4 ACPI
[    0.495399] pci 0000:00:07.3: quirk: region 1040-104f claimed by PIIX4 SMB
[    0.496353] pci 0000:00:07.7: reg 10 io port: [0x1080-0x10bf]
[    0.498082] pci 0000:00:0f.0: reg 10 io port: [0x10d0-0x10df]
[    0.498165] pci 0000:00:0f.0: reg 14 32bit mmio: [0xd0000000-0xd7ffffff]
[    0.498230] pci 0000:00:0f.0: reg 18 32bit mmio: [0xd8000000-0xd87fffff]
[    0.498479] pci 0000:00:0f.0: reg 30 32bit mmio pref: [0x000000-0x007fff]
[    0.499327] pci 0000:00:10.0: reg 10 io port: [0x1400-0x14ff]
[    0.499850] pci 0000:00:10.0: reg 14 64bit mmio: [0xd8820000-0xd883ffff]
[    0.500427] pci 0000:00:10.0: reg 1c 64bit mmio: [0xd8800000-0xd881ffff]
[    0.500555] pci 0000:00:10.0: reg 30 32bit mmio pref: [0x000000-0x003fff]
[    0.502389] pci 0000:00:15.0: PME# supported from D0 D3hot D3cold
[    0.502425] pci 0000:00:15.0: PME# disabled
[    0.503568] pci 0000:00:15.1: PME# supported from D0 D3hot D3cold
[    0.503602] pci 0000:00:15.1: PME# disabled
[    0.504738] pci 0000:00:15.2: PME# supported from D0 D3hot D3cold
[    0.504773] pci 0000:00:15.2: PME# disabled
[    0.505951] pci 0000:00:15.3: PME# supported from D0 D3hot D3cold
[    0.505986] pci 0000:00:15.3: PME# disabled
[    0.507089] pci 0000:00:15.4: PME# supported from D0 D3hot D3cold
[    0.507124] pci 0000:00:15.4: PME# disabled
[    0.508336] pci 0000:00:15.5: PME# supported from D0 D3hot D3cold
[    0.508372] pci 0000:00:15.5: PME# disabled
[    0.509496] pci 0000:00:15.6: PME# supported from D0 D3hot D3cold
[    0.509530] pci 0000:00:15.6: PME# disabled
[    0.510621] pci 0000:00:15.7: PME# supported from D0 D3hot D3cold
[    0.510656] pci 0000:00:15.7: PME# disabled
[    0.511801] pci 0000:00:16.0: PME# supported from D0 D3hot D3cold
[    0.511835] pci 0000:00:16.0: PME# disabled
[    0.513037] pci 0000:00:16.1: PME# supported from D0 D3hot D3cold
[    0.513072] pci 0000:00:16.1: PME# disabled
[    0.514221] pci 0000:00:16.2: PME# supported from D0 D3hot D3cold
[    0.514256] pci 0000:00:16.2: PME# disabled
[    0.515370] pci 0000:00:16.3: PME# supported from D0 D3hot D3cold
[    0.515404] pci 0000:00:16.3: PME# disabled
[    0.516517] pci 0000:00:16.4: PME# supported from D0 D3hot D3cold
[    0.516551] pci 0000:00:16.4: PME# disabled
[    0.517963] pci 0000:00:16.5: PME# supported from D0 D3hot D3cold
[    0.517998] pci 0000:00:16.5: PME# disabled
[    0.519145] pci 0000:00:16.6: PME# supported from D0 D3hot D3cold
[    0.519180] pci 0000:00:16.6: PME# disabled
[    0.520262] pci 0000:00:16.7: PME# supported from D0 D3hot D3cold
[    0.520296] pci 0000:00:16.7: PME# disabled
[    0.521479] pci 0000:00:17.0: PME# supported from D0 D3hot D3cold
[    0.521517] pci 0000:00:17.0: PME# disabled
[    0.522706] pci 0000:00:17.1: PME# supported from D0 D3hot D3cold
[    0.522747] pci 0000:00:17.1: PME# disabled
[    0.523862] pci 0000:00:17.2: PME# supported from D0 D3hot D3cold
[    0.523896] pci 0000:00:17.2: PME# disabled
[    0.525995] pci 0000:00:17.3: PME# supported from D0 D3hot D3cold
[    0.526030] pci 0000:00:17.3: PME# disabled
[    0.527406] pci 0000:00:17.4: PME# supported from D0 D3hot D3cold
[    0.527442] pci 0000:00:17.4: PME# disabled
[    0.528560] pci 0000:00:17.5: PME# supported from D0 D3hot D3cold
[    0.528594] pci 0000:00:17.5: PME# disabled
[    0.529721] pci 0000:00:17.6: PME# supported from D0 D3hot D3cold
[    0.529757] pci 0000:00:17.6: PME# disabled
[    0.531043] pci 0000:00:17.7: PME# supported from D0 D3hot D3cold
[    0.531078] pci 0000:00:17.7: PME# disabled
[    0.532249] pci 0000:00:18.0: PME# supported from D0 D3hot D3cold
[    0.532284] pci 0000:00:18.0: PME# disabled
[    0.533475] pci 0000:00:18.1: PME# supported from D0 D3hot D3cold
[    0.533510] pci 0000:00:18.1: PME# disabled
[    0.534624] pci 0000:00:18.2: PME# supported from D0 D3hot D3cold
[    0.534658] pci 0000:00:18.2: PME# disabled
[    0.535778] pci 0000:00:18.3: PME# supported from D0 D3hot D3cold
[    0.535812] pci 0000:00:18.3: PME# disabled
[    0.536929] pci 0000:00:18.4: PME# supported from D0 D3hot D3cold
[    0.536963] pci 0000:00:18.4: PME# disabled
[    0.538186] pci 0000:00:18.5: PME# supported from D0 D3hot D3cold
[    0.538241] pci 0000:00:18.5: PME# disabled
[    0.539368] pci 0000:00:18.6: PME# supported from D0 D3hot D3cold
[    0.539403] pci 0000:00:18.6: PME# disabled
[    0.540498] pci 0000:00:18.7: PME# supported from D0 D3hot D3cold
[    0.540533] pci 0000:00:18.7: PME# disabled
[    0.542730] pci 0000:02:00.0: reg 20 io port: [0x2080-0x209f]
[    0.544496] pci 0000:02:01.0: reg 10 64bit mmio: [0xd8920000-0xd893ffff]
[    0.545301] pci 0000:02:01.0: reg 18 64bit mmio: [0xd8900000-0xd890ffff]
[    0.545736] pci 0000:02:01.0: reg 20 io port: [0x2000-0x203f]
[    0.545863] pci 0000:02:01.0: reg 30 32bit mmio pref: [0x000000-0x00ffff]
[    0.547092] pci 0000:02:02.0: reg 10 io port: [0x2040-0x207f]
[    0.547973] pci 0000:02:03.0: reg 10 32bit mmio: [0xd8910000-0xd8910fff]
[    0.548880] pci 0000:00:11.0: transparent bridge
[    0.548912] pci 0000:00:11.0: bridge io port: [0x2000-0x3fff]
[    0.548946] pci 0000:00:11.0: bridge 32bit mmio: [0xd8900000-0xd9cfffff]
[    0.549010] pci 0000:00:11.0: bridge 64bit mmio pref: [0xdc400000-0xdc9fffff]
[    0.549637] pci 0000:00:15.0: bridge io port: [0x4000-0x4fff]
[    0.549671] pci 0000:00:15.0: bridge 32bit mmio: [0xd9d00000-0xd9dfffff]
[    0.549735] pci 0000:00:15.0: bridge 64bit mmio pref: [0xdca00000-0xdcafffff]
[    0.550300] pci 0000:00:15.1: bridge io port: [0x8000-0x8fff]
[    0.550334] pci 0000:00:15.1: bridge 32bit mmio: [0xda100000-0xda1fffff]
[    0.550399] pci 0000:00:15.1: bridge 64bit mmio pref: [0xdce00000-0xdcefffff]
[    0.551025] pci 0000:00:15.2: bridge io port: [0xc000-0xcfff]
[    0.551060] pci 0000:00:15.2: bridge 32bit mmio: [0xda500000-0xda5fffff]
[    0.551124] pci 0000:00:15.2: bridge 64bit mmio pref: [0xdd200000-0xdd2fffff]
[    0.551754] pci 0000:00:15.3: bridge 32bit mmio: [0xda900000-0xda9fffff]
[    0.551818] pci 0000:00:15.3: bridge 64bit mmio pref: [0xdd600000-0xdd6fffff]
[    0.552453] pci 0000:00:15.4: bridge 32bit mmio: [0xdad00000-0xdadfffff]
[    0.552526] pci 0000:00:15.4: bridge 64bit mmio pref: [0xdda00000-0xddafffff]
[    0.553156] pci 0000:00:15.5: bridge 32bit mmio: [0xdb100000-0xdb1fffff]
[    0.553221] pci 0000:00:15.5: bridge 64bit mmio pref: [0xdde00000-0xddefffff]
[    0.553863] pci 0000:00:15.6: bridge 32bit mmio: [0xdb500000-0xdb5fffff]
[    0.553927] pci 0000:00:15.6: bridge 64bit mmio pref: [0xde200000-0xde2fffff]
[    0.554621] pci 0000:00:15.7: bridge 32bit mmio: [0xdb900000-0xdb9fffff]
[    0.554686] pci 0000:00:15.7: bridge 64bit mmio pref: [0xde600000-0xde6fffff]
[    0.555293] pci 0000:00:16.0: bridge io port: [0x5000-0x5fff]
[    0.555332] pci 0000:00:16.0: bridge 32bit mmio: [0xd9e00000-0xd9efffff]
[    0.555396] pci 0000:00:16.0: bridge 64bit mmio pref: [0xdcb00000-0xdcbfffff]
[    0.555999] pci 0000:00:16.1: bridge io port: [0x9000-0x9fff]
[    0.556033] pci 0000:00:16.1: bridge 32bit mmio: [0xda200000-0xda2fffff]
[    0.556097] pci 0000:00:16.1: bridge 64bit mmio pref: [0xdcf00000-0xdcffffff]
[    0.556707] pci 0000:00:16.2: bridge io port: [0xd000-0xdfff]
[    0.556741] pci 0000:00:16.2: bridge 32bit mmio: [0xda600000-0xda6fffff]
[    0.556806] pci 0000:00:16.2: bridge 64bit mmio pref: [0xdd300000-0xdd3fffff]
[    0.557587] pci 0000:00:16.3: bridge 32bit mmio: [0xdaa00000-0xdaafffff]
[    0.557652] pci 0000:00:16.3: bridge 64bit mmio pref: [0xdd700000-0xdd7fffff]
[    0.558406] pci 0000:00:16.4: bridge 32bit mmio: [0xdae00000-0xdaefffff]
[    0.558471] pci 0000:00:16.4: bridge 64bit mmio pref: [0xddb00000-0xddbfffff]
[    0.559104] pci 0000:00:16.5: bridge 32bit mmio: [0xdb200000-0xdb2fffff]
[    0.559168] pci 0000:00:16.5: bridge 64bit mmio pref: [0xddf00000-0xddffffff]
[    0.559825] pci 0000:00:16.6: bridge 32bit mmio: [0xdb600000-0xdb6fffff]
[    0.559889] pci 0000:00:16.6: bridge 64bit mmio pref: [0xde300000-0xde3fffff]
[    0.560563] pci 0000:00:16.7: bridge 32bit mmio: [0xdba00000-0xdbafffff]
[    0.560628] pci 0000:00:16.7: bridge 64bit mmio pref: [0xde700000-0xde7fffff]
[    0.561258] pci 0000:00:17.0: bridge io port: [0x6000-0x6fff]
[    0.561292] pci 0000:00:17.0: bridge 32bit mmio: [0xd9f00000-0xd9ffffff]
[    0.561356] pci 0000:00:17.0: bridge 64bit mmio pref: [0xdcc00000-0xdccfffff]
[    0.561956] pci 0000:00:17.1: bridge io port: [0xa000-0xafff]
[    0.561990] pci 0000:00:17.1: bridge 32bit mmio: [0xda300000-0xda3fffff]
[    0.562054] pci 0000:00:17.1: bridge 64bit mmio pref: [0xdd000000-0xdd0fffff]
[    0.562675] pci 0000:00:17.2: bridge io port: [0xe000-0xefff]
[    0.562710] pci 0000:00:17.2: bridge 32bit mmio: [0xda700000-0xda7fffff]
[    0.562774] pci 0000:00:17.2: bridge 64bit mmio pref: [0xdd400000-0xdd4fffff]
[    0.563423] pci 0000:00:17.3: bridge 32bit mmio: [0xdab00000-0xdabfffff]
[    0.563489] pci 0000:00:17.3: bridge 64bit mmio pref: [0xdd800000-0xdd8fffff]
[    0.564120] pci 0000:00:17.4: bridge 32bit mmio: [0xdaf00000-0xdaffffff]
[    0.564214] pci 0000:00:17.4: bridge 64bit mmio pref: [0xddc00000-0xddcfffff]
[    0.564845] pci 0000:00:17.5: bridge 32bit mmio: [0xdb300000-0xdb3fffff]
[    0.564910] pci 0000:00:17.5: bridge 64bit mmio pref: [0xde000000-0xde0fffff]
[    0.565544] pci 0000:00:17.6: bridge 32bit mmio: [0xdb700000-0xdb7fffff]
[    0.565609] pci 0000:00:17.6: bridge 64bit mmio pref: [0xde400000-0xde4fffff]
[    0.566256] pci 0000:00:17.7: bridge 32bit mmio: [0xdbb00000-0xdbbfffff]
[    0.566321] pci 0000:00:17.7: bridge 64bit mmio pref: [0xde800000-0xde8fffff]
[    0.566922] pci 0000:00:18.0: bridge io port: [0x7000-0x7fff]
[    0.566956] pci 0000:00:18.0: bridge 32bit mmio: [0xda000000-0xda0fffff]
[    0.567021] pci 0000:00:18.0: bridge 64bit mmio pref: [0xdcd00000-0xdcdfffff]
[    0.567684] pci 0000:00:18.1: bridge io port: [0xb000-0xbfff]
[    0.567719] pci 0000:00:18.1: bridge 32bit mmio: [0xda400000-0xda4fffff]
[    0.567784] pci 0000:00:18.1: bridge 64bit mmio pref: [0xdd100000-0xdd1fffff]
[    0.568458] pci 0000:00:18.2: bridge io port: [0xf000-0xffff]
[    0.568492] pci 0000:00:18.2: bridge 32bit mmio: [0xda800000-0xda8fffff]
[    0.568557] pci 0000:00:18.2: bridge 64bit mmio pref: [0xdd500000-0xdd5fffff]
[    0.569226] pci 0000:00:18.3: bridge 32bit mmio: [0xdac00000-0xdacfffff]
[    0.569291] pci 0000:00:18.3: bridge 64bit mmio pref: [0xdd900000-0xdd9fffff]
[    0.569954] pci 0000:00:18.4: bridge 32bit mmio: [0xdb000000-0xdb0fffff]
[    0.570005] pci 0000:00:18.4: bridge 64bit mmio pref: [0xddd00000-0xdddfffff]
[    0.570640] pci 0000:00:18.5: bridge 32bit mmio: [0xdb400000-0xdb4fffff]
[    0.570710] pci 0000:00:18.5: bridge 64bit mmio pref: [0xde100000-0xde1fffff]
[    0.571370] pci 0000:00:18.6: bridge 32bit mmio: [0xdb800000-0xdb8fffff]
[    0.571434] pci 0000:00:18.6: bridge 64bit mmio pref: [0xde500000-0xde5fffff]
[    0.572202] pci 0000:00:18.7: bridge 32bit mmio: [0xdbc00000-0xdbcfffff]
[    0.572267] pci 0000:00:18.7: bridge 64bit mmio pref: [0xde900000-0xde9fffff]
[    0.574835] ACPI: PCI Interrupt Routing Table [\_SB_.PCI0._PRT]
[    0.873403] ACPI: PCI Interrupt Link [LNKA] (IRQs 3 4 5 6 7 *9 10 11 14 15)
[    0.873611] ACPI: PCI Interrupt Link [LNKB] (IRQs 3 4 5 6 7 9 10 *11 14 15)
[    0.873802] ACPI: PCI Interrupt Link [LNKC] (IRQs 3 4 5 6 7 9 *10 11 14 15)
[    0.874009] ACPI: PCI Interrupt Link [LNKD] (IRQs 3 4 *5 6 7 9 10 11 14 15)
[    0.874430] vgaarb: device added: PCI:0000:00:0f.0,decodes=io+mem,owns=io+mem,locks=none
[    0.874447] vgaarb: loaded
[    0.874718] SCSI subsystem initialized
[    0.875216] libata version 3.00 loaded.
[    0.875399] usbcore: registered new interface driver usbfs
[    0.875451] usbcore: registered new interface driver hub
[    0.875501] usbcore: registered new device driver usb
[    0.875722] ACPI: WMI: Mapper loaded
[    0.875731] PCI: Using ACPI for IRQ routing
[    0.878332] NetLabel: Initializing
[    0.878337] NetLabel:  domain hash size = 128
[    0.878339] NetLabel:  protocols = UNLABELED CIPSOv4
[    0.878376] NetLabel:  unlabeled traffic allowed by default
[    0.878440] Switching to clocksource tsc
[    0.888091] pnp: PnP ACPI init
[    0.888113] ACPI: bus type pnp registered
[    0.969568] pnp: PnP ACPI: found 13 devices
[    0.969575] ACPI: ACPI bus type pnp unregistered
[    0.969633] system 00:01: ioport range 0x1000-0x103f has been reserved
[    0.969636] system 00:01: ioport range 0x1040-0x104f has been reserved
[    0.969639] system 00:01: ioport range 0xcf0-0xcf1 has been reserved
[    0.969649] system 00:0c: ioport range 0x1060-0x107f has been reserved
[    0.969653] system 00:0c: iomem range 0xe0000000-0xefffffff has been reserved
[    0.969656] system 00:0c: iomem range 0xdbe00000-0xdbffffff has been reserved
[    0.978257] pci 0000:00:15.3: BAR 13: can't allocate I/O resource [0x10000-0xffff]
[    0.978262] pci 0000:00:15.4: BAR 13: can't allocate I/O resource [0x10000-0xffff]
[    0.978265] pci 0000:00:15.5: BAR 13: can't allocate I/O resource [0x10000-0xffff]
[    0.978268] pci 0000:00:15.6: BAR 13: can't allocate I/O resource [0x10000-0xffff]
[    0.978272] pci 0000:00:15.7: BAR 13: can't allocate I/O resource [0x10000-0xffff]
[    0.978275] pci 0000:00:16.3: BAR 13: can't allocate I/O resource [0x10000-0xffff]
[    0.978278] pci 0000:00:16.4: BAR 13: can't allocate I/O resource [0x10000-0xffff]
[    0.978281] pci 0000:00:16.5: BAR 13: can't allocate I/O resource [0x10000-0xffff]
[    0.978284] pci 0000:00:16.6: BAR 13: can't allocate I/O resource [0x10000-0xffff]
[    0.978287] pci 0000:00:16.7: BAR 13: can't allocate I/O resource [0x10000-0xffff]
[    0.978290] pci 0000:00:17.3: BAR 13: can't allocate I/O resource [0x10000-0xffff]
[    0.978293] pci 0000:00:17.4: BAR 13: can't allocate I/O resource [0x10000-0xffff]
[    0.978296] pci 0000:00:17.5: BAR 13: can't allocate I/O resource [0x10000-0xffff]
[    0.978300] pci 0000:00:17.6: BAR 13: can't allocate I/O resource [0x10000-0xffff]
[    0.978303] pci 0000:00:17.7: BAR 13: can't allocate I/O resource [0x10000-0xffff]
[    0.978306] pci 0000:00:18.3: BAR 13: can't allocate I/O resource [0x10000-0xffff]
[    0.978309] pci 0000:00:18.4: BAR 13: can't allocate I/O resource [0x10000-0xffff]
[    0.978312] pci 0000:00:18.5: BAR 13: can't allocate I/O resource [0x10000-0xffff]
[    0.978315] pci 0000:00:18.6: BAR 13: can't allocate I/O resource [0x10000-0xffff]
[    0.978318] pci 0000:00:18.7: BAR 13: can't allocate I/O resource [0x10000-0xffff]
[    0.978324] pci 0000:00:01.0: PCI bridge, secondary bus 0000:01
[    0.978329] pci 0000:00:01.0:   IO window: disabled
[    0.978380] pci 0000:00:01.0:   MEM window: disabled
[    0.978413] pci 0000:00:01.0:   PREFETCH window: disabled
[    0.978450] pci 0000:00:11.0: PCI bridge, secondary bus 0000:02
[    0.978469] pci 0000:00:11.0:   IO window: 0x2000-0x3fff
[    0.978518] pci 0000:00:11.0:   MEM window: 0xd8900000-0xd9cfffff
[    0.978552] pci 0000:00:11.0:   PREFETCH window: 0x000000dc400000-0x000000dc9fffff
[    0.978617] pci 0000:00:15.0: PCI bridge, secondary bus 0000:03
[    0.978654] pci 0000:00:15.0:   IO window: 0x4000-0x4fff
[    0.978706] pci 0000:00:15.0:   MEM window: 0xd9d00000-0xd9dfffff
[    0.978740] pci 0000:00:15.0:   PREFETCH window: 0x000000dca00000-0x000000dcafffff
[    0.978822] pci 0000:00:15.1: PCI bridge, secondary bus 0000:04
[    0.978841] pci 0000:00:15.1:   IO window: 0x8000-0x8fff
[    0.978891] pci 0000:00:15.1:   MEM window: 0xda100000-0xda1fffff
[    0.978925] pci 0000:00:15.1:   PREFETCH window: 0x000000dce00000-0x000000dcefffff
[    0.978996] pci 0000:00:15.2: PCI bridge, secondary bus 0000:05
[    0.979015] pci 0000:00:15.2:   IO window: 0xc000-0xcfff
[    0.979064] pci 0000:00:15.2:   MEM window: 0xda500000-0xda5fffff
[    0.979099] pci 0000:00:15.2:   PREFETCH window: 0x000000dd200000-0x000000dd2fffff
[    0.979169] pci 0000:00:15.3: PCI bridge, secondary bus 0000:06
[    0.979171] pci 0000:00:15.3:   IO window: disabled
[    0.979221] pci 0000:00:15.3:   MEM window: 0xda900000-0xda9fffff
[    0.979255] pci 0000:00:15.3:   PREFETCH window: 0x000000dd600000-0x000000dd6fffff
[    0.979326] pci 0000:00:15.4: PCI bridge, secondary bus 0000:07
[    0.979328] pci 0000:00:15.4:   IO window: disabled
[    0.979377] pci 0000:00:15.4:   MEM window: 0xdad00000-0xdadfffff
[    0.979412] pci 0000:00:15.4:   PREFETCH window: 0x000000dda00000-0x000000ddafffff
[    0.979482] pci 0000:00:15.5: PCI bridge, secondary bus 0000:08
[    0.979484] pci 0000:00:15.5:   IO window: disabled
[    0.979533] pci 0000:00:15.5:   MEM window: 0xdb100000-0xdb1fffff
[    0.979568] pci 0000:00:15.5:   PREFETCH window: 0x000000dde00000-0x000000ddefffff
[    0.979650] pci 0000:00:15.6: PCI bridge, secondary bus 0000:09
[    0.979652] pci 0000:00:15.6:   IO window: disabled
[    0.979702] pci 0000:00:15.6:   MEM window: 0xdb500000-0xdb5fffff
[    0.979736] pci 0000:00:15.6:   PREFETCH window: 0x000000de200000-0x000000de2fffff
[    0.979814] pci 0000:00:15.7: PCI bridge, secondary bus 0000:0a
[    0.979815] pci 0000:00:15.7:   IO window: disabled
[    0.979866] pci 0000:00:15.7:   MEM window: 0xdb900000-0xdb9fffff
[    0.979900] pci 0000:00:15.7:   PREFETCH window: 0x000000de600000-0x000000de6fffff
[    0.979970] pci 0000:00:16.0: PCI bridge, secondary bus 0000:0b
[    0.979989] pci 0000:00:16.0:   IO window: 0x5000-0x5fff
[    0.980038] pci 0000:00:16.0:   MEM window: 0xd9e00000-0xd9efffff
[    0.980101] pci 0000:00:16.0:   PREFETCH window: 0x000000dcb00000-0x000000dcbfffff
[    0.980173] pci 0000:00:16.1: PCI bridge, secondary bus 0000:0c
[    0.980192] pci 0000:00:16.1:   IO window: 0x9000-0x9fff
[    0.980241] pci 0000:00:16.1:   MEM window: 0xda200000-0xda2fffff
[    0.980275] pci 0000:00:16.1:   PREFETCH window: 0x000000dcf00000-0x000000dcffffff
[    0.980346] pci 0000:00:16.2: PCI bridge, secondary bus 0000:0d
[    0.980364] pci 0000:00:16.2:   IO window: 0xd000-0xdfff
[    0.980414] pci 0000:00:16.2:   MEM window: 0xda600000-0xda6fffff
[    0.980448] pci 0000:00:16.2:   PREFETCH window: 0x000000dd300000-0x000000dd3fffff
[    0.980518] pci 0000:00:16.3: PCI bridge, secondary bus 0000:0e
[    0.980520] pci 0000:00:16.3:   IO window: disabled
[    0.980569] pci 0000:00:16.3:   MEM window: 0xdaa00000-0xdaafffff
[    0.980617] pci 0000:00:16.3:   PREFETCH window: 0x000000dd700000-0x000000dd7fffff
[    0.980687] pci 0000:00:16.4: PCI bridge, secondary bus 0000:0f
[    0.980689] pci 0000:00:16.4:   IO window: disabled
[    0.980744] pci 0000:00:16.4:   MEM window: 0xdae00000-0xdaefffff
[    0.980778] pci 0000:00:16.4:   PREFETCH window: 0x000000ddb00000-0x000000ddbfffff
[    0.980849] pci 0000:00:16.5: PCI bridge, secondary bus 0000:10
[    0.980851] pci 0000:00:16.5:   IO window: disabled
[    0.980901] pci 0000:00:16.5:   MEM window: 0xdb200000-0xdb2fffff
[    0.980935] pci 0000:00:16.5:   PREFETCH window: 0x000000ddf00000-0x000000ddffffff
[    0.981005] pci 0000:00:16.6: PCI bridge, secondary bus 0000:11
[    0.981007] pci 0000:00:16.6:   IO window: disabled
[    0.981056] pci 0000:00:16.6:   MEM window: 0xdb600000-0xdb6fffff
[    0.981090] pci 0000:00:16.6:   PREFETCH window: 0x000000de300000-0x000000de3fffff
[    0.981160] pci 0000:00:16.7: PCI bridge, secondary bus 0000:12
[    0.981162] pci 0000:00:16.7:   IO window: disabled
[    0.981212] pci 0000:00:16.7:   MEM window: 0xdba00000-0xdbafffff
[    0.981246] pci 0000:00:16.7:   PREFETCH window: 0x000000de700000-0x000000de7fffff
[    0.981316] pci 0000:00:17.0: PCI bridge, secondary bus 0000:13
[    0.981335] pci 0000:00:17.0:   IO window: 0x6000-0x6fff
[    0.981385] pci 0000:00:17.0:   MEM window: 0xd9f00000-0xd9ffffff
[    0.981419] pci 0000:00:17.0:   PREFETCH window: 0x000000dcc00000-0x000000dccfffff
[    0.981489] pci 0000:00:17.1: PCI bridge, secondary bus 0000:14
[    0.981508] pci 0000:00:17.1:   IO window: 0xa000-0xafff
[    0.981557] pci 0000:00:17.1:   MEM window: 0xda300000-0xda3fffff
[    0.981601] pci 0000:00:17.1:   PREFETCH window: 0x000000dd000000-0x000000dd0fffff
[    0.981671] pci 0000:00:17.2: PCI bridge, secondary bus 0000:15
[    0.981690] pci 0000:00:17.2:   IO window: 0xe000-0xefff
[    0.981740] pci 0000:00:17.2:   MEM window: 0xda700000-0xda7fffff
[    0.981774] pci 0000:00:17.2:   PREFETCH window: 0x000000dd400000-0x000000dd4fffff
[    0.981844] pci 0000:00:17.3: PCI bridge, secondary bus 0000:16
[    0.981846] pci 0000:00:17.3:   IO window: disabled
[    0.981896] pci 0000:00:17.3:   MEM window: 0xdab00000-0xdabfffff
[    0.981930] pci 0000:00:17.3:   PREFETCH window: 0x000000dd800000-0x000000dd8fffff
[    0.982000] pci 0000:00:17.4: PCI bridge, secondary bus 0000:17
[    0.982002] pci 0000:00:17.4:   IO window: disabled
[    0.982052] pci 0000:00:17.4:   MEM window: 0xdaf00000-0xdaffffff
[    0.982086] pci 0000:00:17.4:   PREFETCH window: 0x000000ddc00000-0x000000ddcfffff
[    0.982156] pci 0000:00:17.5: PCI bridge, secondary bus 0000:18
[    0.982158] pci 0000:00:17.5:   IO window: disabled
[    0.982207] pci 0000:00:17.5:   MEM window: 0xdb300000-0xdb3fffff
[    0.982241] pci 0000:00:17.5:   PREFETCH window: 0x000000de000000-0x000000de0fffff
[    0.982311] pci 0000:00:17.6: PCI bridge, secondary bus 0000:19
[    0.982313] pci 0000:00:17.6:   IO window: disabled
[    0.982363] pci 0000:00:17.6:   MEM window: 0xdb700000-0xdb7fffff
[    0.982397] pci 0000:00:17.6:   PREFETCH window: 0x000000de400000-0x000000de4fffff
[    0.982467] pci 0000:00:17.7: PCI bridge, secondary bus 0000:1a
[    0.982469] pci 0000:00:17.7:   IO window: disabled
[    0.982519] pci 0000:00:17.7:   MEM window: 0xdbb00000-0xdbbfffff
[    0.982579] pci 0000:00:17.7:   PREFETCH window: 0x000000de800000-0x000000de8fffff
[    0.982653] pci 0000:00:18.0: PCI bridge, secondary bus 0000:1b
[    0.982672] pci 0000:00:18.0:   IO window: 0x7000-0x7fff
[    0.982722] pci 0000:00:18.0:   MEM window: 0xda000000-0xda0fffff
[    0.982756] pci 0000:00:18.0:   PREFETCH window: 0x000000dcd00000-0x000000dcdfffff
[    0.982827] pci 0000:00:18.1: PCI bridge, secondary bus 0000:1c
[    0.982846] pci 0000:00:18.1:   IO window: 0xb000-0xbfff
[    0.982895] pci 0000:00:18.1:   MEM window: 0xda400000-0xda4fffff
[    0.982929] pci 0000:00:18.1:   PREFETCH window: 0x000000dd100000-0x000000dd1fffff
[    0.983000] pci 0000:00:18.2: PCI bridge, secondary bus 0000:1d
[    0.983018] pci 0000:00:18.2:   IO window: 0xf000-0xffff
[    0.983068] pci 0000:00:18.2:   MEM window: 0xda800000-0xda8fffff
[    0.983107] pci 0000:00:18.2:   PREFETCH window: 0x000000dd500000-0x000000dd5fffff
[    0.983178] pci 0000:00:18.3: PCI bridge, secondary bus 0000:1e
[    0.983179] pci 0000:00:18.3:   IO window: disabled
[    0.983229] pci 0000:00:18.3:   MEM window: 0xdac00000-0xdacfffff
[    0.983263] pci 0000:00:18.3:   PREFETCH window: 0x000000dd900000-0x000000dd9fffff
[    0.983334] pci 0000:00:18.4: PCI bridge, secondary bus 0000:1f
[    0.983336] pci 0000:00:18.4:   IO window: disabled
[    0.983386] pci 0000:00:18.4:   MEM window: 0xdb000000-0xdb0fffff
[    0.983420] pci 0000:00:18.4:   PREFETCH window: 0x000000ddd00000-0x000000dddfffff
[    0.983489] pci 0000:00:18.5: PCI bridge, secondary bus 0000:20
[    0.983491] pci 0000:00:18.5:   IO window: disabled
[    0.983563] pci 0000:00:18.5:   MEM window: 0xdb400000-0xdb4fffff
[    0.983606] pci 0000:00:18.5:   PREFETCH window: 0x000000de100000-0x000000de1fffff
[    0.983676] pci 0000:00:18.6: PCI bridge, secondary bus 0000:21
[    0.983678] pci 0000:00:18.6:   IO window: disabled
[    0.983728] pci 0000:00:18.6:   MEM window: 0xdb800000-0xdb8fffff
[    0.983763] pci 0000:00:18.6:   PREFETCH window: 0x000000de500000-0x000000de5fffff
[    0.983833] pci 0000:00:18.7: PCI bridge, secondary bus 0000:22
[    0.983835] pci 0000:00:18.7:   IO window: disabled
[    0.983885] pci 0000:00:18.7:   MEM window: 0xdbc00000-0xdbcfffff
[    0.983919] pci 0000:00:18.7:   PREFETCH window: 0x000000de900000-0x000000de9fffff
[    0.984067] pci 0000:00:01.0: setting latency timer to 64
[    0.984226] pci 0000:00:15.0: setting latency timer to 64
[    0.984336] pci 0000:00:15.1: setting latency timer to 64
[    0.984445] pci 0000:00:15.2: setting latency timer to 64
[    0.984585] pci 0000:00:15.3: setting latency timer to 64
[    0.984698] pci 0000:00:15.4: setting latency timer to 64
[    0.984808] pci 0000:00:15.5: setting latency timer to 64
[    0.984917] pci 0000:00:15.6: setting latency timer to 64
[    0.985027] pci 0000:00:15.7: setting latency timer to 64
[    0.985137] pci 0000:00:16.0: setting latency timer to 64
[    0.985247] pci 0000:00:16.1: setting latency timer to 64
[    0.985357] pci 0000:00:16.2: setting latency timer to 64
[    0.985467] pci 0000:00:16.3: setting latency timer to 64
[    0.985735] pci 0000:00:16.4: setting latency timer to 64
[    0.985845] pci 0000:00:16.5: setting latency timer to 64
[    0.985954] pci 0000:00:16.6: setting latency timer to 64
[    0.986064] pci 0000:00:16.7: setting latency timer to 64
[    0.986173] pci 0000:00:17.0: setting latency timer to 64
[    0.986283] pci 0000:00:17.1: setting latency timer to 64
[    0.986392] pci 0000:00:17.2: setting latency timer to 64
[    0.986534] pci 0000:00:17.3: setting latency timer to 64
[    0.986644] pci 0000:00:17.4: setting latency timer to 64
[    0.986753] pci 0000:00:17.5: setting latency timer to 64
[    0.986862] pci 0000:00:17.6: setting latency timer to 64
[    0.986972] pci 0000:00:17.7: setting latency timer to 64
[    0.987081] pci 0000:00:18.0: setting latency timer to 64
[    0.987191] pci 0000:00:18.1: setting latency timer to 64
[    0.987300] pci 0000:00:18.2: setting latency timer to 64
[    0.987409] pci 0000:00:18.3: setting latency timer to 64
[    0.987527] pci 0000:00:18.4: setting latency timer to 64
[    0.987637] pci 0000:00:18.5: setting latency timer to 64
[    0.987747] pci 0000:00:18.6: setting latency timer to 64
[    0.987856] pci 0000:00:18.7: setting latency timer to 64
[    0.987875] pci_bus 0000:00: resource 0 io:  [0x00-0xffff]
[    0.987877] pci_bus 0000:00: resource 1 mem: [0x000000-0xffffffffffffffff]
[    0.987880] pci_bus 0000:02: resource 0 io:  [0x2000-0x3fff]
[    0.987882] pci_bus 0000:02: resource 1 mem: [0xd8900000-0xd9cfffff]
[    0.987885] pci_bus 0000:02: resource 2 pref mem [0xdc400000-0xdc9fffff]
[    0.987887] pci_bus 0000:02: resource 3 io:  [0x00-0xffff]
[    0.987894] pci_bus 0000:02: resource 4 mem: [0x000000-0xffffffffffffffff]
[    0.987896] pci_bus 0000:03: resource 0 io:  [0x4000-0x4fff]
[    0.987899] pci_bus 0000:03: resource 1 mem: [0xd9d00000-0xd9dfffff]
[    0.987901] pci_bus 0000:03: resource 2 pref mem [0xdca00000-0xdcafffff]
[    0.987903] pci_bus 0000:04: resource 0 io:  [0x8000-0x8fff]
[    0.987905] pci_bus 0000:04: resource 1 mem: [0xda100000-0xda1fffff]
[    0.987908] pci_bus 0000:04: resource 2 pref mem [0xdce00000-0xdcefffff]
[    0.987910] pci_bus 0000:05: resource 0 io:  [0xc000-0xcfff]
[    0.987912] pci_bus 0000:05: resource 1 mem: [0xda500000-0xda5fffff]
[    0.987914] pci_bus 0000:05: resource 2 pref mem [0xdd200000-0xdd2fffff]
[    0.987917] pci_bus 0000:06: resource 1 mem: [0xda900000-0xda9fffff]
[    0.987919] pci_bus 0000:06: resource 2 pref mem [0xdd600000-0xdd6fffff]
[    0.987921] pci_bus 0000:07: resource 1 mem: [0xdad00000-0xdadfffff]
[    0.987924] pci_bus 0000:07: resource 2 pref mem [0xdda00000-0xddafffff]
[    0.987926] pci_bus 0000:08: resource 1 mem: [0xdb100000-0xdb1fffff]
[    0.987928] pci_bus 0000:08: resource 2 pref mem [0xdde00000-0xddefffff]
[    0.987930] pci_bus 0000:09: resource 1 mem: [0xdb500000-0xdb5fffff]
[    0.987933] pci_bus 0000:09: resource 2 pref mem [0xde200000-0xde2fffff]
[    0.987935] pci_bus 0000:0a: resource 1 mem: [0xdb900000-0xdb9fffff]
[    0.987937] pci_bus 0000:0a: resource 2 pref mem [0xde600000-0xde6fffff]
[    0.987939] pci_bus 0000:0b: resource 0 io:  [0x5000-0x5fff]
[    0.987942] pci_bus 0000:0b: resource 1 mem: [0xd9e00000-0xd9efffff]
[    0.987944] pci_bus 0000:0b: resource 2 pref mem [0xdcb00000-0xdcbfffff]
[    0.987946] pci_bus 0000:0c: resource 0 io:  [0x9000-0x9fff]
[    0.987948] pci_bus 0000:0c: resource 1 mem: [0xda200000-0xda2fffff]
[    0.987951] pci_bus 0000:0c: resource 2 pref mem [0xdcf00000-0xdcffffff]
[    0.987953] pci_bus 0000:0d: resource 0 io:  [0xd000-0xdfff]
[    0.987955] pci_bus 0000:0d: resource 1 mem: [0xda600000-0xda6fffff]
[    0.987957] pci_bus 0000:0d: resource 2 pref mem [0xdd300000-0xdd3fffff]
[    0.987960] pci_bus 0000:0e: resource 1 mem: [0xdaa00000-0xdaafffff]
[    0.987962] pci_bus 0000:0e: resource 2 pref mem [0xdd700000-0xdd7fffff]
[    0.987964] pci_bus 0000:0f: resource 1 mem: [0xdae00000-0xdaefffff]
[    0.987966] pci_bus 0000:0f: resource 2 pref mem [0xddb00000-0xddbfffff]
[    0.987969] pci_bus 0000:10: resource 1 mem: [0xdb200000-0xdb2fffff]
[    0.987971] pci_bus 0000:10: resource 2 pref mem [0xddf00000-0xddffffff]
[    0.987973] pci_bus 0000:11: resource 1 mem: [0xdb600000-0xdb6fffff]
[    0.987976] pci_bus 0000:11: resource 2 pref mem [0xde300000-0xde3fffff]
[    0.987978] pci_bus 0000:12: resource 1 mem: [0xdba00000-0xdbafffff]
[    0.987980] pci_bus 0000:12: resource 2 pref mem [0xde700000-0xde7fffff]
[    0.987983] pci_bus 0000:13: resource 0 io:  [0x6000-0x6fff]
[    0.987985] pci_bus 0000:13: resource 1 mem: [0xd9f00000-0xd9ffffff]
[    0.987987] pci_bus 0000:13: resource 2 pref mem [0xdcc00000-0xdccfffff]
[    0.987989] pci_bus 0000:14: resource 0 io:  [0xa000-0xafff]
[    0.987992] pci_bus 0000:14: resource 1 mem: [0xda300000-0xda3fffff]
[    0.987994] pci_bus 0000:14: resource 2 pref mem [0xdd000000-0xdd0fffff]
[    0.987996] pci_bus 0000:15: resource 0 io:  [0xe000-0xefff]
[    0.987998] pci_bus 0000:15: resource 1 mem: [0xda700000-0xda7fffff]
[    0.988000] pci_bus 0000:15: resource 2 pref mem [0xdd400000-0xdd4fffff]
[    0.988003] pci_bus 0000:16: resource 1 mem: [0xdab00000-0xdabfffff]
[    0.988005] pci_bus 0000:16: resource 2 pref mem [0xdd800000-0xdd8fffff]
[    0.988008] pci_bus 0000:17: resource 1 mem: [0xdaf00000-0xdaffffff]
[    0.988010] pci_bus 0000:17: resource 2 pref mem [0xddc00000-0xddcfffff]
[    0.988012] pci_bus 0000:18: resource 1 mem: [0xdb300000-0xdb3fffff]
[    0.988015] pci_bus 0000:18: resource 2 pref mem [0xde000000-0xde0fffff]
[    0.988020] pci_bus 0000:19: resource 1 mem: [0xdb700000-0xdb7fffff]
[    0.988023] pci_bus 0000:19: resource 2 pref mem [0xde400000-0xde4fffff]
[    0.988025] pci_bus 0000:1a: resource 1 mem: [0xdbb00000-0xdbbfffff]
[    0.988028] pci_bus 0000:1a: resource 2 pref mem [0xde800000-0xde8fffff]
[    0.988030] pci_bus 0000:1b: resource 0 io:  [0x7000-0x7fff]
[    0.988032] pci_bus 0000:1b: resource 1 mem: [0xda000000-0xda0fffff]
[    0.988034] pci_bus 0000:1b: resource 2 pref mem [0xdcd00000-0xdcdfffff]
[    0.988037] pci_bus 0000:1c: resource 0 io:  [0xb000-0xbfff]
[    0.988039] pci_bus 0000:1c: resource 1 mem: [0xda400000-0xda4fffff]
[    0.988041] pci_bus 0000:1c: resource 2 pref mem [0xdd100000-0xdd1fffff]
[    0.988044] pci_bus 0000:1d: resource 0 io:  [0xf000-0xffff]
[    0.988046] pci_bus 0000:1d: resource 1 mem: [0xda800000-0xda8fffff]
[    0.988048] pci_bus 0000:1d: resource 2 pref mem [0xdd500000-0xdd5fffff]
[    0.988051] pci_bus 0000:1e: resource 1 mem: [0xdac00000-0xdacfffff]
[    0.988053] pci_bus 0000:1e: resource 2 pref mem [0xdd900000-0xdd9fffff]
[    0.988056] pci_bus 0000:1f: resource 1 mem: [0xdb000000-0xdb0fffff]
[    0.988058] pci_bus 0000:1f: resource 2 pref mem [0xddd00000-0xdddfffff]
[    0.988060] pci_bus 0000:20: resource 1 mem: [0xdb400000-0xdb4fffff]
[    0.988063] pci_bus 0000:20: resource 2 pref mem [0xde100000-0xde1fffff]
[    0.988065] pci_bus 0000:21: resource 1 mem: [0xdb800000-0xdb8fffff]
[    0.988067] pci_bus 0000:21: resource 2 pref mem [0xde500000-0xde5fffff]
[    0.988070] pci_bus 0000:22: resource 1 mem: [0xdbc00000-0xdbcfffff]
[    0.988072] pci_bus 0000:22: resource 2 pref mem [0xde900000-0xde9fffff]
[    0.988191] NET: Registered protocol family 2
[    0.988490] IP route cache hash table entries: 4096 (order: 3, 32768 bytes)
[    0.989194] TCP established hash table entries: 16384 (order: 6, 262144 bytes)
[    0.989789] TCP bind hash table entries: 16384 (order: 6, 262144 bytes)
[    1.000499] TCP: Hash tables configured (established 16384 bind 16384)
[    1.000506] TCP reno registered
[    1.000689] NET: Registered protocol family 1
[    1.000717] pci 0000:00:00.0: Limiting direct PCI/PCI transfers
[    1.000756] pci 0000:00:0f.0: Boot video device
[    1.001533] Trying to unpack rootfs image as initramfs...
[    1.345756] Freeing initrd memory: 8096k freed
[    1.348592] Simple Boot Flag at 0x36 set to 0x80
[    1.348986] Scanning for low memory corruption every 60 seconds
[    1.349490] audit: initializing netlink socket (disabled)
[    1.349513] type=2000 audit(1313670447.340:1): initialized
[    1.360690] HugeTLB registered 2 MB page size, pre-allocated 0 pages
[    1.362442] VFS: Disk quotas dquot_6.5.2
[    1.362610] Dquot-cache hash table entries: 512 (order 0, 4096 bytes)
[    1.367157] fuse init (API version 7.13)
[    1.367257] msgmni has been set to 985
[    1.368276] alg: No test for stdrng (krng)
[    1.368373] Block layer SCSI generic (bsg) driver version 0.4 loaded (major 253)
[    1.368381] io scheduler noop registered
[    1.368382] io scheduler anticipatory registered
[    1.368384] io scheduler deadline registered
[    1.368416] io scheduler cfq registered (default)
[    1.369677]   alloc irq_desc for 24 on node -1
[    1.369680]   alloc kstat_irqs on node -1
[    1.369780] pcieport 0000:00:15.0: irq 24 for MSI/MSI-X
[    1.369878] pcieport 0000:00:15.0: setting latency timer to 64
[    1.371631]   alloc irq_desc for 25 on node -1
[    1.371633]   alloc kstat_irqs on node -1
[    1.371717] pcieport 0000:00:15.1: irq 25 for MSI/MSI-X
[    1.371813] pcieport 0000:00:15.1: setting latency timer to 64
[    1.373523]   alloc irq_desc for 26 on node -1
[    1.373525]   alloc kstat_irqs on node -1
[    1.373608] pcieport 0000:00:15.2: irq 26 for MSI/MSI-X
[    1.373704] pcieport 0000:00:15.2: setting latency timer to 64
[    1.375431]   alloc irq_desc for 27 on node -1
[    1.375438]   alloc kstat_irqs on node -1
[    1.375522] pcieport 0000:00:15.3: irq 27 for MSI/MSI-X
[    1.375618] pcieport 0000:00:15.3: setting latency timer to 64
[    1.377664]   alloc irq_desc for 28 on node -1
[    1.377667]   alloc kstat_irqs on node -1
[    1.377752] pcieport 0000:00:15.4: irq 28 for MSI/MSI-X
[    1.377849] pcieport 0000:00:15.4: setting latency timer to 64
[    1.379611]   alloc irq_desc for 29 on node -1
[    1.379613]   alloc kstat_irqs on node -1
[    1.379698] pcieport 0000:00:15.5: irq 29 for MSI/MSI-X
[    1.379794] pcieport 0000:00:15.5: setting latency timer to 64
[    1.381620]   alloc irq_desc for 30 on node -1
[    1.381622]   alloc kstat_irqs on node -1
[    1.381707] pcieport 0000:00:15.6: irq 30 for MSI/MSI-X
[    1.381803] pcieport 0000:00:15.6: setting latency timer to 64
[    1.383489]   alloc irq_desc for 31 on node -1
[    1.383491]   alloc kstat_irqs on node -1
[    1.383575] pcieport 0000:00:15.7: irq 31 for MSI/MSI-X
[    1.383671] pcieport 0000:00:15.7: setting latency timer to 64
[    1.385376]   alloc irq_desc for 32 on node -1
[    1.385378]   alloc kstat_irqs on node -1
[    1.385462] pcieport 0000:00:16.0: irq 32 for MSI/MSI-X
[    1.385558] pcieport 0000:00:16.0: setting latency timer to 64
[    1.387266]   alloc irq_desc for 33 on node -1
[    1.387268]   alloc kstat_irqs on node -1
[    1.387352] pcieport 0000:00:16.1: irq 33 for MSI/MSI-X
[    1.387448] pcieport 0000:00:16.1: setting latency timer to 64
[    1.389175]   alloc irq_desc for 34 on node -1
[    1.389177]   alloc kstat_irqs on node -1
[    1.389261] pcieport 0000:00:16.2: irq 34 for MSI/MSI-X
[    1.389357] pcieport 0000:00:16.2: setting latency timer to 64
[    1.391130]   alloc irq_desc for 35 on node -1
[    1.391132]   alloc kstat_irqs on node -1
[    1.391216] pcieport 0000:00:16.3: irq 35 for MSI/MSI-X
[    1.391312] pcieport 0000:00:16.3: setting latency timer to 64
[    1.393138]   alloc irq_desc for 36 on node -1
[    1.393141]   alloc kstat_irqs on node -1
[    1.393225] pcieport 0000:00:16.4: irq 36 for MSI/MSI-X
[    1.393321] pcieport 0000:00:16.4: setting latency timer to 64
[    1.395055]   alloc irq_desc for 37 on node -1
[    1.395058]   alloc kstat_irqs on node -1
[    1.395142] pcieport 0000:00:16.5: irq 37 for MSI/MSI-X
[    1.395238] pcieport 0000:00:16.5: setting latency timer to 64
[    1.396930]   alloc irq_desc for 38 on node -1
[    1.396932]   alloc kstat_irqs on node -1
[    1.397015] pcieport 0000:00:16.6: irq 38 for MSI/MSI-X
[    1.397111] pcieport 0000:00:16.6: setting latency timer to 64
[    1.398832]   alloc irq_desc for 39 on node -1
[    1.398834]   alloc kstat_irqs on node -1
[    1.398917] pcieport 0000:00:16.7: irq 39 for MSI/MSI-X
[    1.399013] pcieport 0000:00:16.7: setting latency timer to 64
[    1.400861]   alloc irq_desc for 40 on node -1
[    1.400863]   alloc kstat_irqs on node -1
[    1.400948] pcieport 0000:00:17.0: irq 40 for MSI/MSI-X
[    1.401045] pcieport 0000:00:17.0: setting latency timer to 64
[    1.402767]   alloc irq_desc for 41 on node -1
[    1.402769]   alloc kstat_irqs on node -1
[    1.402852] pcieport 0000:00:17.1: irq 41 for MSI/MSI-X
[    1.402948] pcieport 0000:00:17.1: setting latency timer to 64
[    1.404648]   alloc irq_desc for 42 on node -1
[    1.404650]   alloc kstat_irqs on node -1
[    1.404734] pcieport 0000:00:17.2: irq 42 for MSI/MSI-X
[    1.404830] pcieport 0000:00:17.2: setting latency timer to 64
[    1.406627]   alloc irq_desc for 43 on node -1
[    1.406629]   alloc kstat_irqs on node -1
[    1.406713] pcieport 0000:00:17.3: irq 43 for MSI/MSI-X
[    1.406809] pcieport 0000:00:17.3: setting latency timer to 64
[    1.408540]   alloc irq_desc for 44 on node -1
[    1.408542]   alloc kstat_irqs on node -1
[    1.408625] pcieport 0000:00:17.4: irq 44 for MSI/MSI-X
[    1.408721] pcieport 0000:00:17.4: setting latency timer to 64
[    1.410618]   alloc irq_desc for 45 on node -1
[    1.410620]   alloc kstat_irqs on node -1
[    1.410704] pcieport 0000:00:17.5: irq 45 for MSI/MSI-X
[    1.410801] pcieport 0000:00:17.5: setting latency timer to 64
[    1.412534]   alloc irq_desc for 46 on node -1
[    1.412537]   alloc kstat_irqs on node -1
[    1.412621] pcieport 0000:00:17.6: irq 46 for MSI/MSI-X
[    1.412717] pcieport 0000:00:17.6: setting latency timer to 64
[    1.414811]   alloc irq_desc for 47 on node -1
[    1.414813]   alloc kstat_irqs on node -1
[    1.414899] pcieport 0000:00:17.7: irq 47 for MSI/MSI-X
[    1.414995] pcieport 0000:00:17.7: setting latency timer to 64
[    1.416736]   alloc irq_desc for 48 on node -1
[    1.416738]   alloc kstat_irqs on node -1
[    1.416821] pcieport 0000:00:18.0: irq 48 for MSI/MSI-X
[    1.416917] pcieport 0000:00:18.0: setting latency timer to 64
[    1.418688]   alloc irq_desc for 49 on node -1
[    1.418691]   alloc kstat_irqs on node -1
[    1.418774] pcieport 0000:00:18.1: irq 49 for MSI/MSI-X
[    1.418870] pcieport 0000:00:18.1: setting latency timer to 64
[    1.420614]   alloc irq_desc for 50 on node -1
[    1.420616]   alloc kstat_irqs on node -1
[    1.420700] pcieport 0000:00:18.2: irq 50 for MSI/MSI-X
[    1.420796] pcieport 0000:00:18.2: setting latency timer to 64
[    1.422504]   alloc irq_desc for 51 on node -1
[    1.422506]   alloc kstat_irqs on node -1
[    1.422589] pcieport 0000:00:18.3: irq 51 for MSI/MSI-X
[    1.422685] pcieport 0000:00:18.3: setting latency timer to 64
[    1.424615]   alloc irq_desc for 52 on node -1
[    1.424617]   alloc kstat_irqs on node -1
[    1.424702] pcieport 0000:00:18.4: irq 52 for MSI/MSI-X
[    1.424798] pcieport 0000:00:18.4: setting latency timer to 64
[    1.426504]   alloc irq_desc for 53 on node -1
[    1.426506]   alloc kstat_irqs on node -1
[    1.426590] pcieport 0000:00:18.5: irq 53 for MSI/MSI-X
[    1.426685] pcieport 0000:00:18.5: setting latency timer to 64
[    1.428600]   alloc irq_desc for 54 on node -1
[    1.428602]   alloc kstat_irqs on node -1
[    1.428689] pcieport 0000:00:18.6: irq 54 for MSI/MSI-X
[    1.428785] pcieport 0000:00:18.6: setting latency timer to 64
[    1.430511]   alloc irq_desc for 55 on node -1
[    1.430514]   alloc kstat_irqs on node -1
[    1.430598] pcieport 0000:00:18.7: irq 55 for MSI/MSI-X
[    1.430695] pcieport 0000:00:18.7: setting latency timer to 64
[    1.431423] pci_hotplug: PCI Hot Plug PCI Core version: 0.5
[    1.435993] pciehp 0000:00:15.0:pcie04: HPC vendor_id 15ad device_id 7a0 ss_vid 0 ss_did 0
[    1.436371] pciehp 0000:00:15.0:pcie04: service driver pciehp loaded
[    1.436577] pciehp 0000:00:15.1:pcie04: HPC vendor_id 15ad device_id 7a0 ss_vid 0 ss_did 0
[    1.436948] pciehp 0000:00:15.1:pcie04: service driver pciehp loaded
[    1.437171] pciehp 0000:00:15.2:pcie04: HPC vendor_id 15ad device_id 7a0 ss_vid 0 ss_did 0
[    1.437522] pciehp 0000:00:15.2:pcie04: service driver pciehp loaded
[    1.437747] pciehp 0000:00:15.3:pcie04: HPC vendor_id 15ad device_id 7a0 ss_vid 0 ss_did 0
[    1.438096] pciehp 0000:00:15.3:pcie04: service driver pciehp loaded
[    1.438301] pciehp 0000:00:15.4:pcie04: HPC vendor_id 15ad device_id 7a0 ss_vid 0 ss_did 0
[    1.438681] pciehp 0000:00:15.4:pcie04: service driver pciehp loaded
[    1.438893] pciehp 0000:00:15.5:pcie04: HPC vendor_id 15ad device_id 7a0 ss_vid 0 ss_did 0
[    1.439256] pciehp 0000:00:15.5:pcie04: service driver pciehp loaded
[    1.439462] pciehp 0000:00:15.6:pcie04: HPC vendor_id 15ad device_id 7a0 ss_vid 0 ss_did 0
[    1.439840] pciehp 0000:00:15.6:pcie04: service driver pciehp loaded
[    1.440046] pciehp 0000:00:15.7:pcie04: HPC vendor_id 15ad device_id 7a0 ss_vid 0 ss_did 0
[    1.440436] pciehp 0000:00:15.7:pcie04: service driver pciehp loaded
[    1.440659] pciehp 0000:00:16.0:pcie04: HPC vendor_id 15ad device_id 7a0 ss_vid 0 ss_did 0
[    1.441015] pciehp 0000:00:16.0:pcie04: service driver pciehp loaded
[    1.441270] pciehp 0000:00:16.1:pcie04: HPC vendor_id 15ad device_id 7a0 ss_vid 0 ss_did 0
[    1.441662] pciehp 0000:00:16.1:pcie04: service driver pciehp loaded
[    1.441868] pciehp 0000:00:16.2:pcie04: HPC vendor_id 15ad device_id 7a0 ss_vid 0 ss_did 0
[    1.442217] pciehp 0000:00:16.2:pcie04: service driver pciehp loaded
[    1.442421] pciehp 0000:00:16.3:pcie04: HPC vendor_id 15ad device_id 7a0 ss_vid 0 ss_did 0
[    1.442793] pciehp 0000:00:16.3:pcie04: service driver pciehp loaded
[    1.442997] pciehp 0000:00:16.4:pcie04: HPC vendor_id 15ad device_id 7a0 ss_vid 0 ss_did 0
[    1.443376] pciehp 0000:00:16.4:pcie04: service driver pciehp loaded
[    1.443616] pciehp 0000:00:16.5:pcie04: HPC vendor_id 15ad device_id 7a0 ss_vid 0 ss_did 0
[    1.443969] pciehp 0000:00:16.5:pcie04: service driver pciehp loaded
[    1.444185] pciehp 0000:00:16.6:pcie04: HPC vendor_id 15ad device_id 7a0 ss_vid 0 ss_did 0
[    1.444585] pciehp 0000:00:16.6:pcie04: service driver pciehp loaded
[    1.444810] pciehp 0000:00:16.7:pcie04: HPC vendor_id 15ad device_id 7a0 ss_vid 0 ss_did 0
[    1.445161] pciehp 0000:00:16.7:pcie04: service driver pciehp loaded
[    1.445377] pciehp 0000:00:17.0:pcie04: HPC vendor_id 15ad device_id 7a0 ss_vid 0 ss_did 0
[    1.445766] pciehp 0000:00:17.0:pcie04: service driver pciehp loaded
[    1.445973] pciehp 0000:00:17.1:pcie04: HPC vendor_id 15ad device_id 7a0 ss_vid 0 ss_did 0
[    1.446325] pciehp 0000:00:17.1:pcie04: service driver pciehp loaded
[    1.446560] pciehp 0000:00:17.2:pcie04: HPC vendor_id 15ad device_id 7a0 ss_vid 0 ss_did 0
[    1.446922] pciehp 0000:00:17.2:pcie04: service driver pciehp loaded
[    1.447128] pciehp 0000:00:17.3:pcie04: HPC vendor_id 15ad device_id 7a0 ss_vid 0 ss_did 0
[    1.447525] pciehp 0000:00:17.3:pcie04: service driver pciehp loaded
[    1.447730] pciehp 0000:00:17.4:pcie04: HPC vendor_id 15ad device_id 7a0 ss_vid 0 ss_did 0
[    1.448080] pciehp 0000:00:17.4:pcie04: service driver pciehp loaded
[    1.448288] pciehp 0000:00:17.5:pcie04: HPC vendor_id 15ad device_id 7a0 ss_vid 0 ss_did 0
[    1.448673] pciehp 0000:00:17.5:pcie04: service driver pciehp loaded
[    1.448879] pciehp 0000:00:17.6:pcie04: HPC vendor_id 15ad device_id 7a0 ss_vid 0 ss_did 0
[    1.449233] pciehp 0000:00:17.6:pcie04: service driver pciehp loaded
[    1.449665] pciehp 0000:00:17.7:pcie04: HPC vendor_id 15ad device_id 7a0 ss_vid 0 ss_did 0
[    1.450039] pciehp 0000:00:17.7:pcie04: service driver pciehp loaded
[    1.450280] pciehp 0000:00:18.0:pcie04: HPC vendor_id 15ad device_id 7a0 ss_vid 0 ss_did 0
[    1.450681] pciehp 0000:00:18.0:pcie04: service driver pciehp loaded
[    1.450953] pciehp 0000:00:18.1:pcie04: HPC vendor_id 15ad device_id 7a0 ss_vid 0 ss_did 0
[    1.451318] pciehp 0000:00:18.1:pcie04: service driver pciehp loaded
[    1.451561] pciehp 0000:00:18.2:pcie04: HPC vendor_id 15ad device_id 7a0 ss_vid 0 ss_did 0
[    1.451925] pciehp 0000:00:18.2:pcie04: service driver pciehp loaded
[    1.452170] pciehp 0000:00:18.3:pcie04: HPC vendor_id 15ad device_id 7a0 ss_vid 0 ss_did 0
[    1.453085] pciehp 0000:00:18.3:pcie04: service driver pciehp loaded
[    1.453366] pciehp 0000:00:18.4:pcie04: HPC vendor_id 15ad device_id 7a0 ss_vid 0 ss_did 0
[    1.453721] pciehp 0000:00:18.4:pcie04: service driver pciehp loaded
[    1.453928] pciehp 0000:00:18.5:pcie04: HPC vendor_id 15ad device_id 7a0 ss_vid 0 ss_did 0
[    1.454320] pciehp 0000:00:18.5:pcie04: service driver pciehp loaded
[    1.454567] pciehp 0000:00:18.6:pcie04: HPC vendor_id 15ad device_id 7a0 ss_vid 0 ss_did 0
[    1.454924] pciehp 0000:00:18.6:pcie04: service driver pciehp loaded
[    1.455132] pciehp 0000:00:18.7:pcie04: HPC vendor_id 15ad device_id 7a0 ss_vid 0 ss_did 0
[    1.455505] pciehp 0000:00:18.7:pcie04: service driver pciehp loaded
[    1.455521] pciehp: PCI Express Hot Plug Controller Driver version: 0.4
[    1.455995] ACPI: AC Adapter [ACAD] (on-line)
[    1.456190] input: Power Button as /devices/LNXSYSTM:00/LNXPWRBN:00/input/input0
[    1.456201] ACPI: Power Button [PWRF]
[    1.457728] processor LNXCPU:00: registered as cooling_device0
[    1.536123] Linux agpgart interface v0.103
[    1.536134] Serial: 8250/16550 driver, 4 ports, IRQ sharing enabled
[    1.537047] serial8250: ttyS0 at I/O 0x3f8 (irq = 4) is a 16550A
[    1.537781] serial8250: ttyS1 at I/O 0x2f8 (irq = 3) is a 16550A
[    1.538823] 00:09: ttyS0 at I/O 0x3f8 (irq = 4) is a 16550A
[    1.539601] 00:0a: ttyS1 at I/O 0x2f8 (irq = 3) is a 16550A
[    1.541368] brd: module loaded
[    1.541966] loop: module loaded
[    1.542109] input: Macintosh mouse button emulation as /devices/virtual/input/input1
[    1.542421] ata_piix 0000:00:07.1: version 2.13
[    1.554470] scsi0 : ata_piix
[    1.554596] scsi1 : ata_piix
[    1.554683] ata1: PATA max UDMA/33 cmd 0x1f0 ctl 0x3f6 bmdma 0x10c0 irq 14
[    1.554689] ata2: PATA max UDMA/33 cmd 0x170 ctl 0x376 bmdma 0x10c8 irq 15
[    1.561301] Fixed MDIO Bus: probed
[    1.561356] PPP generic driver version 2.4.2
[    1.561435] tun: Universal TUN/TAP device driver, 1.6
[    1.561437] tun: (C) 1999-2004 Max Krasnyansky <maxk@qualcomm.com>
[    1.561671] ehci_hcd: USB 2.0 'Enhanced' Host Controller (EHCI) Driver
[    1.561773]   alloc irq_desc for 17 on node -1
[    1.561776]   alloc kstat_irqs on node -1
[    1.561791] ehci_hcd 0000:02:03.0: PCI INT A -> GSI 17 (level, low) -> IRQ 17
[    1.561906] ehci_hcd 0000:02:03.0: EHCI Host Controller
[    1.562014] ehci_hcd 0000:02:03.0: new USB bus registered, assigned bus number 1
[    1.562240] ehci_hcd 0000:02:03.0: cache line size of 32 is not supported
[    1.562295] ehci_hcd 0000:02:03.0: irq 17, io mem 0xd8910000
[    1.580346] ehci_hcd 0000:02:03.0: USB 2.0 started, EHCI 1.00
[    1.580522] usb usb1: configuration #1 chosen from 1 choice
[    1.580615] hub 1-0:1.0: USB hub found
[    1.580631] hub 1-0:1.0: 6 ports detected
[    1.580710] ohci_hcd: USB 1.1 'Open' Host Controller (OHCI) Driver
[    1.580728] uhci_hcd: USB Universal Host Controller Interface driver
[    1.580797]   alloc irq_desc for 18 on node -1
[    1.580799]   alloc kstat_irqs on node -1
[    1.580811] uhci_hcd 0000:02:00.0: PCI INT A -> GSI 18 (level, low) -> IRQ 18
[    1.580866] uhci_hcd 0000:02:00.0: UHCI Host Controller
[    1.580900] uhci_hcd 0000:02:00.0: new USB bus registered, assigned bus number 2
[    1.581131] uhci_hcd 0000:02:00.0: irq 18, io base 0x00002080
[    1.581618] usb usb2: configuration #1 chosen from 1 choice
[    1.581644] hub 2-0:1.0: USB hub found
[    1.581660] hub 2-0:1.0: 2 ports detected
[    1.581881] PNP: PS/2 Controller [PNP0303:KBC,PNP0f13:MOUS] at 0x60,0x64 irq 1,12
[    2.167852] serio: i8042 KBD port at 0x60,0x64 irq 1
[    2.167873] serio: i8042 AUX port at 0x60,0x64 irq 12
[    2.168090] mice: PS/2 mouse device common for all mice
[    2.168166] Driver 'rtc_cmos' needs updating - please use bus_type methods
[    2.168467] rtc_cmos 00:04: rtc core: registered rtc_cmos as rtc0
[    2.168515] rtc0: alarms up to one month, y3k, 114 bytes nvram
[    2.168766] device-mapper: uevent: version 1.0.3
[    2.169941] device-mapper: ioctl: 4.15.0-ioctl (2009-04-01) initialised: dm-devel@redhat.com
[    2.170025] device-mapper: multipath: version 1.1.0 loaded
[    2.170033] device-mapper: multipath round-robin: version 1.0.0 loaded
[    2.170541] cpuidle: using governor ladder
[    2.170544] cpuidle: using governor menu
[    2.179888] TCP cubic registered
[    2.180443] input: AT Translated Set 2 keyboard as /devices/platform/i8042/serio0/input/input2
[    2.180863] NET: Registered protocol family 10
[    2.181999] lo: Disabled Privacy Extensions
[    2.182265] NET: Registered protocol family 17
[    2.182605] PM: Resume from disk failed.
[    2.182631] registered taskstats version 1
[    2.190289] ata2.00: ATAPI: VMware Virtual IDE CDROM Drive, 00000001, max UDMA/33
[    2.194449]   Magic number: 7:562:481
[    2.194496] pciehp 0000:00:17.7:pcie04: hash matches
[    2.215051] rtc_cmos 00:04: setting system clock to 2011-08-18 12:27:29 UTC (1313670449)
[    2.215061] BIOS EDD facility v0.16 2004-Jun-25, 0 devices found
[    2.215063] EDD information not available.
[    2.230919] ata2.00: configured for UDMA/33
[    2.234756] scsi 1:0:0:0: CD-ROM            FILIFM   Z4HQ7O9EZ        1.03 PQ: 0 ANSI: 5
[    2.241684] sr0: scsi3-mmc drive: 48x/48x cd/rw xa/form2 cdda tray
[    2.241695] Uniform CD-ROM driver Revision: 3.20
[    2.241830] sr 1:0:0:0: Attached scsi CD-ROM sr0
[    2.241893] sr 1:0:0:0: Attached scsi generic sg0 type 5
[    2.242052] Freeing unused kernel memory: 864k freed
[    2.242821] Write protecting the kernel read-only data: 7528k
[    2.316391] udev: starting version 151
[    2.864564] Fusion MPT base driver 3.04.12
[    2.864567] Copyright (c) 1999-2008 LSI Corporation
[    2.907593] Fusion MPT SPI Host driver 3.04.12
[    2.907680] mptspi 0000:00:10.0: PCI INT A -> GSI 17 (level, low) -> IRQ 17
[    2.908110] Floppy drive(s): fd0 is 1.44M
[    2.909069] Intel(R) PRO/1000 Network Driver - version 7.3.21-k5-NAPI
[    2.909072] Copyright (c) 1999-2006 Intel Corporation.
[    2.909177]   alloc irq_desc for 19 on node -1
[    2.909179]   alloc kstat_irqs on node -1
[    2.909189] e1000 0000:02:01.0: PCI INT A -> GSI 19 (level, low) -> IRQ 19
[    2.909257] e1000 0000:02:01.0: setting latency timer to 64
[    2.909730] mptbase: ioc0: Initiating bringup
[    2.922457] FDC 0 is a post-1991 82077
[    3.299054] e1000: 0000:02:01.0: e1000_probe: (PCI:66MHz:32-bit) 00:0c:29:7e:ee:7c
[    3.349891] e1000: eth0: e1000_probe: Intel(R) PRO/1000 Network Connection
[    3.430551] ioc0: LSI53C1030 B0: Capabilities={Initiator}
[    3.831752] scsi2 : ioc0: LSI53C1030 B0, FwRev=01032920h, Ports=1, MaxQ=128, IRQ=17
[    4.112222] scsi 2:0:0:0: Direct-Access     VMware,  VMware Virtual S 1.0  PQ: 0 ANSI: 2
[    4.112234] scsi target2:0:0: Beginning Domain Validation
[    4.113214] scsi target2:0:0: Domain Validation skipping write tests
[    4.113217] scsi target2:0:0: Ending Domain Validation
[    4.113263] scsi target2:0:0: FAST-40 WIDE SCSI 80.0 MB/s ST (25 ns, offset 127)
[    4.115707] sd 2:0:0:0: Attached scsi generic sg1 type 0
[    4.115933] sd 2:0:0:0: [sda] 41943040 512-byte logical blocks: (21.4 GB/20.0 GiB)
[    4.115986] sd 2:0:0:0: [sda] Write Protect is off
[    4.115988] sd 2:0:0:0: [sda] Mode Sense: 5d 00 00 00
[    4.116063] sd 2:0:0:0: [sda] Cache data unavailable
[    4.116066] sd 2:0:0:0: [sda] Assuming drive cache: write through
[    4.116559] sd 2:0:0:0: [sda] Cache data unavailable
[    4.116561] sd 2:0:0:0: [sda] Assuming drive cache: write through
[    4.116865]  sda: sda1 sda2 < sda5 >
[    4.126418] sd 2:0:0:0: [sda] Cache data unavailable
[    4.126420] sd 2:0:0:0: [sda] Assuming drive cache: write through
[    4.126673] sd 2:0:0:0: [sda] Attached SCSI disk
[    4.291189] EXT4-fs (sda1): mounted filesystem with ordered data mode
[    6.038051] Adding 916472k swap on /dev/sda5.  Priority:-1 extents:1 across:916472k 
[    6.342603] udev: starting version 151
[    7.455011] shpchp: Standard Hot Plug PCI Controller Driver version: 0.4
[    7.605093] ACPI: I/O resource piix4_smbus [0x1040-0x1047] conflicts with ACPI region SMB_ [0x1040-0x104b]
[    7.605418] ACPI: If an ACPI driver is available for this device, you should use it instead of the native driver
[    7.697792] agpgart-intel 0000:00:00.0: Intel 440BX Chipset
[    7.699311] agpgart-intel 0000:00:00.0: AGP aperture is 256M @ 0x0
[    7.918837] input: ImPS/2 Generic Wheel Mouse as /devices/platform/i8042/serio1/input/input3
[    7.934038] parport_pc 00:08: reported by Plug and Play ACPI
[    7.934381] parport0: PC-style at 0x378, irq 7 [PCSPP,TRISTATE]
[    8.253661] ppdev: user-space parallel port driver
[    8.301426] lp0: using parport0 (interrupt-driven).
[    9.660297]   alloc irq_desc for 16 on node -1
[    9.660300]   alloc kstat_irqs on node -1
[    9.660312] ENS1371 0000:02:02.0: PCI INT A -> GSI 16 (level, low) -> IRQ 16
[   15.792580] e1000: eth0 NIC Link is Up 1000 Mbps Full Duplex, Flow Control: None
[   17.407187] acpiphp: ACPI Hot Plug PCI Controller Driver version: 0.5
[   17.407542] acpiphp: Slot [32] registered
[   17.410849] acpiphp: Slot [33] registered
[   17.411310] acpiphp: Slot [34] registered
[   17.411698] acpiphp: Slot [35] registered
[   17.412057] acpiphp: Slot [36] registered
[   17.412405] acpiphp: Slot [37] registered
[   17.412838] acpiphp: Slot [38] registered
[   17.413189] acpiphp: Slot [39] registered
[   17.413573] acpiphp: Slot [40] registered
[   17.413920] acpiphp: Slot [41] registered
[   17.414270] acpiphp: Slot [42] registered
[   17.414662] acpiphp: Slot [43] registered
[   17.415012] acpiphp: Slot [44] registered
[   17.415359] acpiphp: Slot [45] registered
[   17.415735] acpiphp: Slot [46] registered
[   17.416083] acpiphp: Slot [47] registered
[   17.416460] acpiphp: Slot [48] registered
[   17.416806] acpiphp: Slot [49] registered
[   17.417155] acpiphp: Slot [50] registered
[   17.417530] acpiphp: Slot [51] registered
[   17.417880] acpiphp: Slot [52] registered
[   17.418227] acpiphp: Slot [53] registered
[   17.418693] acpiphp: Slot [54] registered
[   17.432714] acpiphp: Slot [55] registered
[   17.433188] acpiphp: Slot [56] registered
[   17.433546] acpiphp: Slot [57] registered
[   17.433899] acpiphp: Slot [58] registered
[   17.434280] acpiphp: Slot [59] registered
[   17.434633] acpiphp: Slot [60] registered
[   17.435023] acpiphp: Slot [61] registered
[   17.435455] acpiphp: Slot [62] registered
[   17.435812] acpiphp: Slot [63] registered
[   17.436427] acpiphp_glue: Slot 160 already registered by another hotplug driver
[   17.436460] acpiphp_glue: Slot 192 already registered by another hotplug driver
[   17.436487] acpiphp_glue: Slot 224 already registered by another hotplug driver
[   17.436515] acpiphp_glue: Slot 256 already registered by another hotplug driver
[   17.436563] acpiphp_glue: Slot 161 already registered by another hotplug driver
[   17.436589] acpiphp_glue: Slot 162 already registered by another hotplug driver
[   17.436615] acpiphp_glue: Slot 163 already registered by another hotplug driver
[   17.436641] acpiphp_glue: Slot 164 already registered by another hotplug driver
[   17.436668] acpiphp_glue: Slot 165 already registered by another hotplug driver
[   17.436694] acpiphp_glue: Slot 166 already registered by another hotplug driver
[   17.436720] acpiphp_glue: Slot 167 already registered by another hotplug driver
[   17.436746] acpiphp_glue: Slot 193 already registered by another hotplug driver
[   17.436774] acpiphp_glue: Slot 194 already registered by another hotplug driver
[   17.436800] acpiphp_glue: Slot 195 already registered by another hotplug driver
[   17.436826] acpiphp_glue: Slot 196 already registered by another hotplug driver
[   17.436852] acpiphp_glue: Slot 197 already registered by another hotplug driver
[   17.436906] acpiphp_glue: Slot 198 already registered by another hotplug driver
[   17.436936] acpiphp_glue: Slot 199 already registered by another hotplug driver
[   17.436962] acpiphp_glue: Slot 225 already registered by another hotplug driver
[   17.436988] acpiphp_glue: Slot 226 already registered by another hotplug driver
[   17.437014] acpiphp_glue: Slot 227 already registered by another hotplug driver
[   17.437039] acpiphp_glue: Slot 228 already registered by another hotplug driver
[   17.437065] acpiphp_glue: Slot 229 already registered by another hotplug driver
[   17.437091] acpiphp_glue: Slot 230 already registered by another hotplug driver
[   17.437125] acpiphp_glue: Slot 231 already registered by another hotplug driver
[   17.437152] acpiphp_glue: Slot 257 already registered by another hotplug driver
[   17.437178] acpiphp_glue: Slot 258 already registered by another hotplug driver
[   17.437204] acpiphp_glue: Slot 259 already registered by another hotplug driver
[   17.437230] acpiphp_glue: Slot 260 already registered by another hotplug driver
[   17.437258] acpiphp_glue: Slot 261 already registered by another hotplug driver
[   17.437284] acpiphp_glue: Slot 262 already registered by another hotplug driver
[   17.437310] acpiphp_glue: Slot 263 already registered by another hotplug driver
[   52.540502] end_request: I/O error, dev fd0, sector 0
[   52.560819] end_request: I/O error, dev fd0, sector 0
[   92.440690] dillo[1671]: segfault at 5ffe0000001c ip 00005f46b84c7f6b sp 00007fffa4bebff0 error 6 in libpos.so.0.0.0[5f46b84c6000+5000]
[   92.441347] BUG: Bad page map in process dillo  pte:09e95067 pmd:09e94067
[   92.441352] page:ffffea000022b098 flags:0100000000000014 count:1 mapcount:-1 mapping:(null) index:0
[   92.441355] addr:00005ffef8000000 vm_flags:0000000b anon_vma:(null) mapping:(null) index:5ffef8000
[   92.441359] Pid: 1671, comm: dillo Not tainted 2.6.32pos2 #4
[   92.441361] Call Trace:
[   92.441368]  [<ffffffff8110e872>] print_bad_pte+0x1d2/0x280
[   92.441373]  [<ffffffff810f98fd>] ? put_page+0x4d/0x180
[   92.441377]  [<ffffffff81110360>] unmap_vmas+0x910/0x9f0
[   92.441380]  [<ffffffff811155ab>] exit_mmap+0xbb/0x190
[   92.441384]  [<ffffffff810615bd>] mmput+0x4d/0x110
[   92.441388]  [<ffffffff81067ca2>] exit_mm+0x112/0x150
[   92.441390]  [<ffffffff8106801d>] do_exit+0x12d/0x7f0
[   92.441394]  [<ffffffff81075d0d>] ? __sigqueue_free+0x3d/0x50
[   92.441398]  [<ffffffff810788c1>] ? __dequeue_signal+0xe1/0x1f0
[   92.441401]  [<ffffffff81068735>] do_group_exit+0x55/0xd0
[   92.441404]  [<ffffffff81078f67>] get_signal_to_deliver+0x1d7/0x3d0
[   92.441408]  [<ffffffff81011315>] do_signal+0x75/0x7a0
[   92.441411]  [<ffffffff8110e103>] ? print_vma_addr+0xb3/0x120
[   92.441416]  [<ffffffff81528583>] ? printk+0x41/0x46
[   92.441419]  [<ffffffff8103e6f6>] ? __bad_area_nosemaphore+0xf6/0x1e0
[   92.441422]  [<ffffffff8103e84e>] ? bad_area+0x4e/0x60
[   92.441425]  [<ffffffff81011a9d>] do_notify_resume+0x5d/0x80
[   92.441428]  [<ffffffff81012adc>] retint_signal+0x48/0x8c
[   92.441430] Disabling lock debugging due to kernel taint
[   92.441433] BUG: Bad page state in process dillo  pfn:09e95
[   92.441435] page:ffffea000022b098 flags:0100000000000014 count:0 mapcount:-1 mapping:(null) index:0
[   92.441438] Pid: 1671, comm: dillo Tainted: G    B      2.6.32pos2 #4
[   92.441440] Call Trace:
[   92.441443]  [<ffffffff810f3c25>] bad_page+0xf5/0x150
[   92.441446]  [<ffffffff810f6bb7>] free_hot_cold_page+0x1e7/0x240
[   92.441449]  [<ffffffff810f6cef>] free_hot_page+0x2f/0x60
[   92.441452]  [<ffffffff810f98fd>] put_page+0x4d/0x180
[   92.441456]  [<ffffffff8111fe0a>] free_page_and_swap_cache+0x2a/0x60
[   92.441459]  [<ffffffff81110210>] unmap_vmas+0x7c0/0x9f0
[   92.441462]  [<ffffffff811155ab>] exit_mmap+0xbb/0x190
[   92.441465]  [<ffffffff810615bd>] mmput+0x4d/0x110
[   92.441468]  [<ffffffff81067ca2>] exit_mm+0x112/0x150
[   92.441471]  [<ffffffff8106801d>] do_exit+0x12d/0x7f0
[   92.441474]  [<ffffffff81075d0d>] ? __sigqueue_free+0x3d/0x50
[   92.441477]  [<ffffffff810788c1>] ? __dequeue_signal+0xe1/0x1f0
[   92.441480]  [<ffffffff81068735>] do_group_exit+0x55/0xd0
[   92.441483]  [<ffffffff81078f67>] get_signal_to_deliver+0x1d7/0x3d0
[   92.441486]  [<ffffffff81011315>] do_signal+0x75/0x7a0
[   92.441489]  [<ffffffff8110e103>] ? print_vma_addr+0xb3/0x120
[   92.441492]  [<ffffffff81528583>] ? printk+0x41/0x46
[   92.441495]  [<ffffffff8103e6f6>] ? __bad_area_nosemaphore+0xf6/0x1e0
[   92.441498]  [<ffffffff8103e84e>] ? bad_area+0x4e/0x60
[   92.441501]  [<ffffffff81011a9d>] do_notify_resume+0x5d/0x80
[   92.441509]  [<ffffffff81012adc>] retint_signal+0x48/0x8c
[   92.441513] BUG: Bad page map in process dillo  pte:09e96067 pmd:09e94067
[   92.441516] page:ffffea000022b0d0 flags:0100000000000014 count:1 mapcount:-1 mapping:(null) index:0
[   92.441519] addr:00005ffef8001000 vm_flags:0000000b anon_vma:(null) mapping:(null) index:5ffef8001
[   92.441522] Pid: 1671, comm: dillo Tainted: G    B      2.6.32pos2 #4
[   92.441523] Call Trace:
[   92.441526]  [<ffffffff8110e872>] print_bad_pte+0x1d2/0x280
[   92.441530]  [<ffffffff810f98fd>] ? put_page+0x4d/0x180
[   92.441532]  [<ffffffff81110360>] unmap_vmas+0x910/0x9f0
[   92.441536]  [<ffffffff811155ab>] exit_mmap+0xbb/0x190
[   92.441539]  [<ffffffff810615bd>] mmput+0x4d/0x110
[   92.441541]  [<ffffffff81067ca2>] exit_mm+0x112/0x150
[   92.441544]  [<ffffffff8106801d>] do_exit+0x12d/0x7f0
[   92.441547]  [<ffffffff81075d0d>] ? __sigqueue_free+0x3d/0x50
[   92.441550]  [<ffffffff810788c1>] ? __dequeue_signal+0xe1/0x1f0
[   92.441553]  [<ffffffff81068735>] do_group_exit+0x55/0xd0
[   92.441556]  [<ffffffff81078f67>] get_signal_to_deliver+0x1d7/0x3d0
[   92.441560]  [<ffffffff81011315>] do_signal+0x75/0x7a0
[   92.441563]  [<ffffffff8110e103>] ? print_vma_addr+0xb3/0x120
[   92.441566]  [<ffffffff81528583>] ? printk+0x41/0x46
[   92.441569]  [<ffffffff8103e6f6>] ? __bad_area_nosemaphore+0xf6/0x1e0
[   92.441571]  [<ffffffff8103e84e>] ? bad_area+0x4e/0x60
[   92.441575]  [<ffffffff81011a9d>] do_notify_resume+0x5d/0x80
[   92.441577]  [<ffffffff81012adc>] retint_signal+0x48/0x8c
[   92.441580] BUG: Bad page state in process dillo  pfn:09e96
[   92.441582] page:ffffea000022b0d0 flags:0100000000000014 count:0 mapcount:-1 mapping:(null) index:0
[   92.441585] Pid: 1671, comm: dillo Tainted: G    B      2.6.32pos2 #4
[   92.441587] Call Trace:
[   92.441590]  [<ffffffff810f3c25>] bad_page+0xf5/0x150
[   92.441593]  [<ffffffff8101606c>] ? show_trace_log_lvl+0x5c/0x80
[   92.441596]  [<ffffffff810f6bb7>] free_hot_cold_page+0x1e7/0x240
[   92.441599]  [<ffffffff810f6cef>] free_hot_page+0x2f/0x60
[   92.441602]  [<ffffffff810f98fd>] put_page+0x4d/0x180
[   92.441605]  [<ffffffff8111fe0a>] free_page_and_swap_cache+0x2a/0x60
[   92.441608]  [<ffffffff81110210>] unmap_vmas+0x7c0/0x9f0
[   92.441612]  [<ffffffff811155ab>] exit_mmap+0xbb/0x190
[   92.441614]  [<ffffffff810615bd>] mmput+0x4d/0x110
[   92.441617]  [<ffffffff81067ca2>] exit_mm+0x112/0x150
[   92.441620]  [<ffffffff8106801d>] do_exit+0x12d/0x7f0
[   92.441623]  [<ffffffff81075d0d>] ? __sigqueue_free+0x3d/0x50
[   92.441626]  [<ffffffff810788c1>] ? __dequeue_signal+0xe1/0x1f0
[   92.441629]  [<ffffffff81068735>] do_group_exit+0x55/0xd0
[   92.441632]  [<ffffffff81078f67>] get_signal_to_deliver+0x1d7/0x3d0
[   92.441635]  [<ffffffff81011315>] do_signal+0x75/0x7a0
[   92.441638]  [<ffffffff8110e103>] ? print_vma_addr+0xb3/0x120
[   92.441641]  [<ffffffff81528583>] ? printk+0x41/0x46
[   92.441644]  [<ffffffff8103e6f6>] ? __bad_area_nosemaphore+0xf6/0x1e0
[   92.441647]  [<ffffffff8103e84e>] ? bad_area+0x4e/0x60
[   92.441650]  [<ffffffff81011a9d>] do_notify_resume+0x5d/0x80
[   92.441653]  [<ffffffff81012adc>] retint_signal+0x48/0x8c
[   92.441656] BUG: Bad page map in process dillo  pte:09e97067 pmd:09e94067
[   92.441659] page:ffffea000022b108 flags:0100000000000014 count:1 mapcount:-1 mapping:(null) index:0
[   92.441662] addr:00005ffef8002000 vm_flags:0000000b anon_vma:(null) mapping:(null) index:5ffef8002
[   92.441664] Pid: 1671, comm: dillo Tainted: G    B      2.6.32pos2 #4
[   92.441666] Call Trace:
[   92.441669]  [<ffffffff8110e872>] print_bad_pte+0x1d2/0x280
[   92.441672]  [<ffffffff810f98fd>] ? put_page+0x4d/0x180
[   92.441675]  [<ffffffff81110360>] unmap_vmas+0x910/0x9f0
[   92.441679]  [<ffffffff811155ab>] exit_mmap+0xbb/0x190
[   92.441681]  [<ffffffff810615bd>] mmput+0x4d/0x110
[   92.441687]  [<ffffffff81067ca2>] exit_mm+0x112/0x150
[   92.441691]  [<ffffffff8106801d>] do_exit+0x12d/0x7f0
[   92.441694]  [<ffffffff81075d0d>] ? __sigqueue_free+0x3d/0x50
[   92.441697]  [<ffffffff810788c1>] ? __dequeue_signal+0xe1/0x1f0
[   92.441700]  [<ffffffff81068735>] do_group_exit+0x55/0xd0
[   92.441703]  [<ffffffff81078f67>] get_signal_to_deliver+0x1d7/0x3d0
[   92.441706]  [<ffffffff81011315>] do_signal+0x75/0x7a0
[   92.441709]  [<ffffffff8110e103>] ? print_vma_addr+0xb3/0x120
[   92.441712]  [<ffffffff81528583>] ? printk+0x41/0x46
[   92.441715]  [<ffffffff8103e6f6>] ? __bad_area_nosemaphore+0xf6/0x1e0
[   92.441718]  [<ffffffff8103e84e>] ? bad_area+0x4e/0x60
[   92.441721]  [<ffffffff81011a9d>] do_notify_resume+0x5d/0x80
[   92.441724]  [<ffffffff81012adc>] retint_signal+0x48/0x8c
[   92.441727] BUG: Bad page state in process dillo  pfn:09e97
[   92.441729] page:ffffea000022b108 flags:0100000000000014 count:0 mapcount:-1 mapping:(null) index:0
[   92.441732] Pid: 1671, comm: dillo Tainted: G    B      2.6.32pos2 #4
[   92.441734] Call Trace:
[   92.441736]  [<ffffffff810f3c25>] bad_page+0xf5/0x150
[   92.441739]  [<ffffffff8101606c>] ? show_trace_log_lvl+0x5c/0x80
[   92.441742]  [<ffffffff810f6bb7>] free_hot_cold_page+0x1e7/0x240
[   92.441746]  [<ffffffff810f6cef>] free_hot_page+0x2f/0x60
[   92.441749]  [<ffffffff810f98fd>] put_page+0x4d/0x180
[   92.441752]  [<ffffffff8111fe0a>] free_page_and_swap_cache+0x2a/0x60
[   92.441755]  [<ffffffff81110210>] unmap_vmas+0x7c0/0x9f0
[   92.441758]  [<ffffffff811155ab>] exit_mmap+0xbb/0x190
[   92.441761]  [<ffffffff810615bd>] mmput+0x4d/0x110
[   92.441764]  [<ffffffff81067ca2>] exit_mm+0x112/0x150
[   92.441766]  [<ffffffff8106801d>] do_exit+0x12d/0x7f0
[   92.441770]  [<ffffffff81075d0d>] ? __sigqueue_free+0x3d/0x50
[   92.441773]  [<ffffffff810788c1>] ? __dequeue_signal+0xe1/0x1f0
[   92.441776]  [<ffffffff81068735>] do_group_exit+0x55/0xd0
[   92.441778]  [<ffffffff81078f67>] get_signal_to_deliver+0x1d7/0x3d0
[   92.441782]  [<ffffffff81011315>] do_signal+0x75/0x7a0
[   92.441785]  [<ffffffff8110e103>] ? print_vma_addr+0xb3/0x120
[   92.441788]  [<ffffffff81528583>] ? printk+0x41/0x46
[   92.441791]  [<ffffffff8103e6f6>] ? __bad_area_nosemaphore+0xf6/0x1e0
[   92.441794]  [<ffffffff8103e84e>] ? bad_area+0x4e/0x60
[   92.441797]  [<ffffffff81011a9d>] do_notify_resume+0x5d/0x80
[   92.441800]  [<ffffffff81012adc>] retint_signal+0x48/0x8c
[   92.441803] BUG: Bad page map in process dillo  pte:1d7a9067 pmd:09e94067
[   92.441806] page:ffffea0000672cf8 flags:0100000000000014 count:1 mapcount:-1 mapping:(null) index:0
[   92.441809] addr:00005ffef8003000 vm_flags:0000000b anon_vma:(null) mapping:(null) index:5ffef8003
[   92.441812] Pid: 1671, comm: dillo Tainted: G    B      2.6.32pos2 #4
[   92.441813] Call Trace:
[   92.441816]  [<ffffffff8110e872>] print_bad_pte+0x1d2/0x280
[   92.441819]  [<ffffffff810f98fd>] ? put_page+0x4d/0x180
[   92.441822]  [<ffffffff81110360>] unmap_vmas+0x910/0x9f0
[   92.441826]  [<ffffffff811155ab>] exit_mmap+0xbb/0x190
[   92.441828]  [<ffffffff810615bd>] mmput+0x4d/0x110
[   92.441831]  [<ffffffff81067ca2>] exit_mm+0x112/0x150
[   92.441834]  [<ffffffff8106801d>] do_exit+0x12d/0x7f0
[   92.441837]  [<ffffffff81075d0d>] ? __sigqueue_free+0x3d/0x50
[   92.441840]  [<ffffffff810788c1>] ? __dequeue_signal+0xe1/0x1f0
[   92.441843]  [<ffffffff81068735>] do_group_exit+0x55/0xd0
[   92.441846]  [<ffffffff81078f67>] get_signal_to_deliver+0x1d7/0x3d0
[   92.441849]  [<ffffffff81011315>] do_signal+0x75/0x7a0
[   92.441852]  [<ffffffff8110e103>] ? print_vma_addr+0xb3/0x120
[   92.441855]  [<ffffffff81528583>] ? printk+0x41/0x46
[   92.441858]  [<ffffffff8103e6f6>] ? __bad_area_nosemaphore+0xf6/0x1e0
[   92.441861]  [<ffffffff8103e84e>] ? bad_area+0x4e/0x60
[   92.441864]  [<ffffffff81011a9d>] do_notify_resume+0x5d/0x80
[   92.441867]  [<ffffffff81012adc>] retint_signal+0x48/0x8c
[   92.441873] BUG: Bad page state in process dillo  pfn:1d7a9
[   92.441875] page:ffffea0000672cf8 flags:0100000000000014 count:0 mapcount:-1 mapping:(null) index:0
[   92.441878] Pid: 1671, comm: dillo Tainted: G    B      2.6.32pos2 #4
[   92.441880] Call Trace:
[   92.441883]  [<ffffffff810f3c25>] bad_page+0xf5/0x150
[   92.441886]  [<ffffffff8101606c>] ? show_trace_log_lvl+0x5c/0x80
[   92.441889]  [<ffffffff810f6bb7>] free_hot_cold_page+0x1e7/0x240
[   92.441892]  [<ffffffff810f6cef>] free_hot_page+0x2f/0x60
[   92.441895]  [<ffffffff810f98fd>] put_page+0x4d/0x180
[   92.441898]  [<ffffffff8111fe0a>] free_page_and_swap_cache+0x2a/0x60
[   92.441901]  [<ffffffff81110210>] unmap_vmas+0x7c0/0x9f0
[   92.441904]  [<ffffffff811155ab>] exit_mmap+0xbb/0x190
[   92.441907]  [<ffffffff810615bd>] mmput+0x4d/0x110
[   92.441910]  [<ffffffff81067ca2>] exit_mm+0x112/0x150
[   92.441913]  [<ffffffff8106801d>] do_exit+0x12d/0x7f0
[   92.441916]  [<ffffffff81075d0d>] ? __sigqueue_free+0x3d/0x50
[   92.441919]  [<ffffffff810788c1>] ? __dequeue_signal+0xe1/0x1f0
[   92.441922]  [<ffffffff81068735>] do_group_exit+0x55/0xd0
[   92.441925]  [<ffffffff81078f67>] get_signal_to_deliver+0x1d7/0x3d0
[   92.441928]  [<ffffffff81011315>] do_signal+0x75/0x7a0
[   92.441931]  [<ffffffff8110e103>] ? print_vma_addr+0xb3/0x120
[   92.441934]  [<ffffffff81528583>] ? printk+0x41/0x46
[   92.441937]  [<ffffffff8103e6f6>] ? __bad_area_nosemaphore+0xf6/0x1e0
[   92.441940]  [<ffffffff8103e84e>] ? bad_area+0x4e/0x60
[   92.441943]  [<ffffffff81011a9d>] do_notify_resume+0x5d/0x80
[   92.441946]  [<ffffffff81012adc>] retint_signal+0x48/0x8c
[   92.441949] BUG: Bad page map in process dillo  pte:1d7aa067 pmd:09e94067
[   92.441952] page:ffffea0000672d30 flags:0100000000000014 count:1 mapcount:-1 mapping:(null) index:1
[   92.441955] addr:00005ffef8004000 vm_flags:0000000b anon_vma:(null) mapping:(null) index:5ffef8004
[   92.441958] Pid: 1671, comm: dillo Tainted: G    B      2.6.32pos2 #4
[   92.441959] Call Trace:
[   92.441962]  [<ffffffff8110e872>] print_bad_pte+0x1d2/0x280
[   92.441965]  [<ffffffff810f98fd>] ? put_page+0x4d/0x180
[   92.441968]  [<ffffffff81110360>] unmap_vmas+0x910/0x9f0
[   92.441972]  [<ffffffff811155ab>] exit_mmap+0xbb/0x190
[   92.441974]  [<ffffffff810615bd>] mmput+0x4d/0x110
[   92.441977]  [<ffffffff81067ca2>] exit_mm+0x112/0x150
[   92.441980]  [<ffffffff8106801d>] do_exit+0x12d/0x7f0
[   92.441983]  [<ffffffff81075d0d>] ? __sigqueue_free+0x3d/0x50
[   92.441986]  [<ffffffff810788c1>] ? __dequeue_signal+0xe1/0x1f0
[   92.441989]  [<ffffffff81068735>] do_group_exit+0x55/0xd0
[   92.441992]  [<ffffffff81078f67>] get_signal_to_deliver+0x1d7/0x3d0
[   92.441995]  [<ffffffff81011315>] do_signal+0x75/0x7a0
[   92.441998]  [<ffffffff8110e103>] ? print_vma_addr+0xb3/0x120
[   92.442001]  [<ffffffff81528583>] ? printk+0x41/0x46
[   92.442004]  [<ffffffff8103e6f6>] ? __bad_area_nosemaphore+0xf6/0x1e0
[   92.442007]  [<ffffffff8103e84e>] ? bad_area+0x4e/0x60
[   92.442010]  [<ffffffff81011a9d>] do_notify_resume+0x5d/0x80
[   92.442013]  [<ffffffff81012adc>] retint_signal+0x48/0x8c
[   92.442055] BUG: Bad page state in process dillo  pfn:1d7aa
[   92.442058] page:ffffea0000672d30 flags:0100000000000014 count:0 mapcount:-1 mapping:(null) index:1
[   92.442061] Pid: 1671, comm: dillo Tainted: G    B      2.6.32pos2 #4
[   92.442063] Call Trace:
[   92.442066]  [<ffffffff810f3c25>] bad_page+0xf5/0x150
[   92.442069]  [<ffffffff8101606c>] ? show_trace_log_lvl+0x5c/0x80
[   92.442072]  [<ffffffff810f6bb7>] free_hot_cold_page+0x1e7/0x240
[   92.442075]  [<ffffffff810f6cef>] free_hot_page+0x2f/0x60
[   92.442078]  [<ffffffff810f98fd>] put_page+0x4d/0x180
[   92.442081]  [<ffffffff8111fe0a>] free_page_and_swap_cache+0x2a/0x60
[   92.442084]  [<ffffffff81110210>] unmap_vmas+0x7c0/0x9f0
[   92.442088]  [<ffffffff811155ab>] exit_mmap+0xbb/0x190
[   92.442095]  [<ffffffff810615bd>] mmput+0x4d/0x110
[   92.442098]  [<ffffffff81067ca2>] exit_mm+0x112/0x150
[   92.442101]  [<ffffffff8106801d>] do_exit+0x12d/0x7f0
[   92.442104]  [<ffffffff81075d0d>] ? __sigqueue_free+0x3d/0x50
[   92.442107]  [<ffffffff810788c1>] ? __dequeue_signal+0xe1/0x1f0
[   92.442110]  [<ffffffff81068735>] do_group_exit+0x55/0xd0
[   92.442113]  [<ffffffff81078f67>] get_signal_to_deliver+0x1d7/0x3d0
[   92.442116]  [<ffffffff81011315>] do_signal+0x75/0x7a0
[   92.442119]  [<ffffffff8110e103>] ? print_vma_addr+0xb3/0x120
[   92.442122]  [<ffffffff81528583>] ? printk+0x41/0x46
[   92.442125]  [<ffffffff8103e6f6>] ? __bad_area_nosemaphore+0xf6/0x1e0
[   92.442128]  [<ffffffff8103e84e>] ? bad_area+0x4e/0x60
[   92.442131]  [<ffffffff81011a9d>] do_notify_resume+0x5d/0x80
[   92.442134]  [<ffffffff81012adc>] retint_signal+0x48/0x8c
[   92.442137] BUG: Bad page map in process dillo  pte:1d7ac067 pmd:09e94067
[   92.442140] page:ffffea0000672da0 flags:0100000000000014 count:1 mapcount:-1 mapping:(null) index:0
[   92.442143] addr:00005ffef8005000 vm_flags:0000000b anon_vma:(null) mapping:(null) index:5ffef8005
[   92.442146] Pid: 1671, comm: dillo Tainted: G    B      2.6.32pos2 #4
[   92.442147] Call Trace:
[   92.442150]  [<ffffffff8110e872>] print_bad_pte+0x1d2/0x280
[   92.442154]  [<ffffffff810f98fd>] ? put_page+0x4d/0x180
[   92.442157]  [<ffffffff81110360>] unmap_vmas+0x910/0x9f0
[   92.442160]  [<ffffffff811155ab>] exit_mmap+0xbb/0x190
[   92.442163]  [<ffffffff810615bd>] mmput+0x4d/0x110
[   92.442165]  [<ffffffff81067ca2>] exit_mm+0x112/0x150
[   92.442168]  [<ffffffff8106801d>] do_exit+0x12d/0x7f0
[   92.442172]  [<ffffffff81075d0d>] ? __sigqueue_free+0x3d/0x50
[   92.442174]  [<ffffffff810788c1>] ? __dequeue_signal+0xe1/0x1f0
[   92.442177]  [<ffffffff81068735>] do_group_exit+0x55/0xd0
[   92.442180]  [<ffffffff81078f67>] get_signal_to_deliver+0x1d7/0x3d0
[   92.442184]  [<ffffffff81011315>] do_signal+0x75/0x7a0
[   92.442187]  [<ffffffff8110e103>] ? print_vma_addr+0xb3/0x120
[   92.442190]  [<ffffffff81528583>] ? printk+0x41/0x46
[   92.442193]  [<ffffffff8103e6f6>] ? __bad_area_nosemaphore+0xf6/0x1e0
[   92.442195]  [<ffffffff8103e84e>] ? bad_area+0x4e/0x60
[   92.442199]  [<ffffffff81011a9d>] do_notify_resume+0x5d/0x80
[   92.442201]  [<ffffffff81012adc>] retint_signal+0x48/0x8c
[   92.442204] BUG: Bad page state in process dillo  pfn:1d7ac
[   92.442206] page:ffffea0000672da0 flags:0100000000000014 count:0 mapcount:-1 mapping:(null) index:0
[   92.442209] Pid: 1671, comm: dillo Tainted: G    B      2.6.32pos2 #4
[   92.442211] Call Trace:
[   92.442214]  [<ffffffff810f3c25>] bad_page+0xf5/0x150
[   92.442217]  [<ffffffff8101606c>] ? show_trace_log_lvl+0x5c/0x80
[   92.442220]  [<ffffffff810f6bb7>] free_hot_cold_page+0x1e7/0x240
[   92.442223]  [<ffffffff810f6cef>] free_hot_page+0x2f/0x60
[   92.442226]  [<ffffffff810f98fd>] put_page+0x4d/0x180
[   92.442229]  [<ffffffff8111fe0a>] free_page_and_swap_cache+0x2a/0x60
[   92.442232]  [<ffffffff81110210>] unmap_vmas+0x7c0/0x9f0
[   92.442235]  [<ffffffff811155ab>] exit_mmap+0xbb/0x190
[   92.442238]  [<ffffffff810615bd>] mmput+0x4d/0x110
[   92.442241]  [<ffffffff81067ca2>] exit_mm+0x112/0x150
[   92.442243]  [<ffffffff8106801d>] do_exit+0x12d/0x7f0
[   92.442247]  [<ffffffff81075d0d>] ? __sigqueue_free+0x3d/0x50
[   92.442250]  [<ffffffff810788c1>] ? __dequeue_signal+0xe1/0x1f0
[   92.442253]  [<ffffffff81068735>] do_group_exit+0x55/0xd0
[   92.442255]  [<ffffffff81078f67>] get_signal_to_deliver+0x1d7/0x3d0
[   92.442259]  [<ffffffff81011315>] do_signal+0x75/0x7a0
[   92.442262]  [<ffffffff8110e103>] ? print_vma_addr+0xb3/0x120
[   92.442265]  [<ffffffff81528583>] ? printk+0x41/0x46
[   92.442268]  [<ffffffff8103e6f6>] ? __bad_area_nosemaphore+0xf6/0x1e0
[   92.442271]  [<ffffffff8103e84e>] ? bad_area+0x4e/0x60
[   92.442274]  [<ffffffff81011a9d>] do_notify_resume+0x5d/0x80
[   92.442280]  [<ffffffff81012adc>] retint_signal+0x48/0x8c
[   92.442284] BUG: Bad page map in process dillo  pte:1d7ab067 pmd:09e94067
[   92.442287] page:ffffea0000672d68 flags:0100000000000014 count:1 mapcount:-1 mapping:(null) index:ffff88001d7abf00
[   92.442290] addr:00005ffef8006000 vm_flags:0000000b anon_vma:(null) mapping:(null) index:5ffef8006
[   92.442292] Pid: 1671, comm: dillo Tainted: G    B      2.6.32pos2 #4
[   92.442294] Call Trace:
[   92.442297]  [<ffffffff8110e872>] print_bad_pte+0x1d2/0x280
[   92.442300]  [<ffffffff810f98fd>] ? put_page+0x4d/0x180
[   92.442303]  [<ffffffff81110360>] unmap_vmas+0x910/0x9f0
[   92.442307]  [<ffffffff811155ab>] exit_mmap+0xbb/0x190
[   92.442309]  [<ffffffff810615bd>] mmput+0x4d/0x110
[   92.442312]  [<ffffffff81067ca2>] exit_mm+0x112/0x150
[   92.442315]  [<ffffffff8106801d>] do_exit+0x12d/0x7f0
[   92.442318]  [<ffffffff81075d0d>] ? __sigqueue_free+0x3d/0x50
[   92.442321]  [<ffffffff810788c1>] ? __dequeue_signal+0xe1/0x1f0
[   92.442324]  [<ffffffff81068735>] do_group_exit+0x55/0xd0
[   92.442327]  [<ffffffff81078f67>] get_signal_to_deliver+0x1d7/0x3d0
[   92.442330]  [<ffffffff81011315>] do_signal+0x75/0x7a0
[   92.442333]  [<ffffffff8110e103>] ? print_vma_addr+0xb3/0x120
[   92.442336]  [<ffffffff81528583>] ? printk+0x41/0x46
[   92.442339]  [<ffffffff8103e6f6>] ? __bad_area_nosemaphore+0xf6/0x1e0
[   92.442342]  [<ffffffff8103e84e>] ? bad_area+0x4e/0x60
[   92.442345]  [<ffffffff81011a9d>] do_notify_resume+0x5d/0x80
[   92.442348]  [<ffffffff81012adc>] retint_signal+0x48/0x8c
[   92.442350] BUG: Bad page state in process dillo  pfn:1d7ab
[   92.442353] page:ffffea0000672d68 flags:0100000000000014 count:0 mapcount:-1 mapping:(null) index:ffff88001d7abf00
[   92.442356] Pid: 1671, comm: dillo Tainted: G    B      2.6.32pos2 #4
[   92.442358] Call Trace:
[   92.442360]  [<ffffffff810f3c25>] bad_page+0xf5/0x150
[   92.442363]  [<ffffffff8101606c>] ? show_trace_log_lvl+0x5c/0x80
[   92.442366]  [<ffffffff810f6bb7>] free_hot_cold_page+0x1e7/0x240
[   92.442370]  [<ffffffff810f6cef>] free_hot_page+0x2f/0x60
[   92.442373]  [<ffffffff810f98fd>] put_page+0x4d/0x180
[   92.442376]  [<ffffffff8111fe0a>] free_page_and_swap_cache+0x2a/0x60
[   92.442379]  [<ffffffff81110210>] unmap_vmas+0x7c0/0x9f0
[   92.442382]  [<ffffffff811155ab>] exit_mmap+0xbb/0x190
[   92.442385]  [<ffffffff810615bd>] mmput+0x4d/0x110
[   92.442387]  [<ffffffff81067ca2>] exit_mm+0x112/0x150
[   92.442390]  [<ffffffff8106801d>] do_exit+0x12d/0x7f0
[   92.442393]  [<ffffffff81075d0d>] ? __sigqueue_free+0x3d/0x50
[   92.442396]  [<ffffffff810788c1>] ? __dequeue_signal+0xe1/0x1f0
[   92.442399]  [<ffffffff81068735>] do_group_exit+0x55/0xd0
[   92.442402]  [<ffffffff81078f67>] get_signal_to_deliver+0x1d7/0x3d0
[   92.442406]  [<ffffffff81011315>] do_signal+0x75/0x7a0
[   92.442408]  [<ffffffff8110e103>] ? print_vma_addr+0xb3/0x120
[   92.442411]  [<ffffffff81528583>] ? printk+0x41/0x46
[   92.442414]  [<ffffffff8103e6f6>] ? __bad_area_nosemaphore+0xf6/0x1e0
[   92.442417]  [<ffffffff8103e84e>] ? bad_area+0x4e/0x60
[   92.442420]  [<ffffffff81011a9d>] do_notify_resume+0x5d/0x80
[   92.442423]  [<ffffffff81012adc>] retint_signal+0x48/0x8c
[   92.442426] BUG: Bad page map in process dillo  pte:1d7ae067 pmd:09e94067
[   92.442429] page:ffffea0000672e10 flags:0100000000000014 count:1 mapcount:-1 mapping:(null) index:0
[   92.442432] addr:00005ffef8007000 vm_flags:0000000b anon_vma:(null) mapping:(null) index:5ffef8007
[   92.442434] Pid: 1671, comm: dillo Tainted: G    B      2.6.32pos2 #4
[   92.442436] Call Trace:
[   92.442439]  [<ffffffff8110e872>] print_bad_pte+0x1d2/0x280
[   92.442442]  [<ffffffff810f98fd>] ? put_page+0x4d/0x180
[   92.442445]  [<ffffffff81110360>] unmap_vmas+0x910/0x9f0
[   92.442448]  [<ffffffff811155ab>] exit_mmap+0xbb/0x190
[   92.442451]  [<ffffffff810615bd>] mmput+0x4d/0x110
[   92.442454]  [<ffffffff81067ca2>] exit_mm+0x112/0x150
[   92.442460]  [<ffffffff8106801d>] do_exit+0x12d/0x7f0
[   92.442464]  [<ffffffff81075d0d>] ? __sigqueue_free+0x3d/0x50
[   92.442467]  [<ffffffff810788c1>] ? __dequeue_signal+0xe1/0x1f0
[   92.442470]  [<ffffffff81068735>] do_group_exit+0x55/0xd0
[   92.442472]  [<ffffffff81078f67>] get_signal_to_deliver+0x1d7/0x3d0
[   92.442476]  [<ffffffff81011315>] do_signal+0x75/0x7a0
[   92.442479]  [<ffffffff8110e103>] ? print_vma_addr+0xb3/0x120
[   92.442482]  [<ffffffff81528583>] ? printk+0x41/0x46
[   92.442485]  [<ffffffff8103e6f6>] ? __bad_area_nosemaphore+0xf6/0x1e0
[   92.442488]  [<ffffffff8103e84e>] ? bad_area+0x4e/0x60
[   92.442491]  [<ffffffff81011a9d>] do_notify_resume+0x5d/0x80
[   92.442494]  [<ffffffff81012adc>] retint_signal+0x48/0x8c
[   92.442496] BUG: Bad page state in process dillo  pfn:1d7ae
[   92.442499] page:ffffea0000672e10 flags:0100000000000014 count:0 mapcount:-1 mapping:(null) index:0
[   92.442502] Pid: 1671, comm: dillo Tainted: G    B      2.6.32pos2 #4
[   92.442503] Call Trace:
[   92.442506]  [<ffffffff810f3c25>] bad_page+0xf5/0x150
[   92.442509]  [<ffffffff8101606c>] ? show_trace_log_lvl+0x5c/0x80
[   92.442512]  [<ffffffff810f6bb7>] free_hot_cold_page+0x1e7/0x240
[   92.442515]  [<ffffffff810f6cef>] free_hot_page+0x2f/0x60
[   92.442518]  [<ffffffff810f98fd>] put_page+0x4d/0x180
[   92.442521]  [<ffffffff8111fe0a>] free_page_and_swap_cache+0x2a/0x60
[   92.442524]  [<ffffffff81110210>] unmap_vmas+0x7c0/0x9f0
[   92.442528]  [<ffffffff811155ab>] exit_mmap+0xbb/0x190
[   92.442530]  [<ffffffff810615bd>] mmput+0x4d/0x110
[   92.442533]  [<ffffffff81067ca2>] exit_mm+0x112/0x150
[   92.442536]  [<ffffffff8106801d>] do_exit+0x12d/0x7f0
[   92.442539]  [<ffffffff81075d0d>] ? __sigqueue_free+0x3d/0x50
[   92.442542]  [<ffffffff810788c1>] ? __dequeue_signal+0xe1/0x1f0
[   92.442545]  [<ffffffff81068735>] do_group_exit+0x55/0xd0
[   92.442548]  [<ffffffff81078f67>] get_signal_to_deliver+0x1d7/0x3d0
[   92.442551]  [<ffffffff81011315>] do_signal+0x75/0x7a0
[   92.442554]  [<ffffffff8110e103>] ? print_vma_addr+0xb3/0x120
[   92.442557]  [<ffffffff81528583>] ? printk+0x41/0x46
[   92.442560]  [<ffffffff8103e6f6>] ? __bad_area_nosemaphore+0xf6/0x1e0
[   92.442563]  [<ffffffff8103e84e>] ? bad_area+0x4e/0x60
[   92.442566]  [<ffffffff81011a9d>] do_notify_resume+0x5d/0x80
[   92.442569]  [<ffffffff81012adc>] retint_signal+0x48/0x8c
[   92.442572] BUG: Bad page map in process dillo  pte:1d7af067 pmd:09e94067
[   92.442575] page:ffffea0000672e48 flags:0100000000000014 count:1 mapcount:-1 mapping:(null) index:0
[   92.442578] addr:00005ffef8008000 vm_flags:0000000b anon_vma:(null) mapping:(null) index:5ffef8008
[   92.442580] Pid: 1671, comm: dillo Tainted: G    B      2.6.32pos2 #4
[   92.442582] Call Trace:
[   92.442585]  [<ffffffff8110e872>] print_bad_pte+0x1d2/0x280
[   92.442588]  [<ffffffff810f98fd>] ? put_page+0x4d/0x180
[   92.442591]  [<ffffffff81110360>] unmap_vmas+0x910/0x9f0
[   92.442594]  [<ffffffff811155ab>] exit_mmap+0xbb/0x190
[   92.442597]  [<ffffffff810615bd>] mmput+0x4d/0x110
[   92.442600]  [<ffffffff81067ca2>] exit_mm+0x112/0x150
[   92.442603]  [<ffffffff8106801d>] do_exit+0x12d/0x7f0
[   92.442606]  [<ffffffff81075d0d>] ? __sigqueue_free+0x3d/0x50
[   92.442609]  [<ffffffff810788c1>] ? __dequeue_signal+0xe1/0x1f0
[   92.442612]  [<ffffffff81068735>] do_group_exit+0x55/0xd0
[   92.442615]  [<ffffffff81078f67>] get_signal_to_deliver+0x1d7/0x3d0
[   92.442618]  [<ffffffff81011315>] do_signal+0x75/0x7a0
[   92.442621]  [<ffffffff8110e103>] ? print_vma_addr+0xb3/0x120
[   92.442624]  [<ffffffff81528583>] ? printk+0x41/0x46
[   92.442627]  [<ffffffff8103e6f6>] ? __bad_area_nosemaphore+0xf6/0x1e0
[   92.442630]  [<ffffffff8103e84e>] ? bad_area+0x4e/0x60
[   92.442633]  [<ffffffff81011a9d>] do_notify_resume+0x5d/0x80
[   92.442636]  [<ffffffff81012adc>] retint_signal+0x48/0x8c
[   92.442642] BUG: Bad page state in process dillo  pfn:1d7af
[   92.442644] page:ffffea0000672e48 flags:0100000000000014 count:0 mapcount:-1 mapping:(null) index:0
[   92.442647] Pid: 1671, comm: dillo Tainted: G    B      2.6.32pos2 #4
[   92.442649] Call Trace:
[   92.442651]  [<ffffffff810f3c25>] bad_page+0xf5/0x150
[   92.442654]  [<ffffffff8101606c>] ? show_trace_log_lvl+0x5c/0x80
[   92.442658]  [<ffffffff810f6bb7>] free_hot_cold_page+0x1e7/0x240
[   92.442661]  [<ffffffff810f6cef>] free_hot_page+0x2f/0x60
[   92.442664]  [<ffffffff810f98fd>] put_page+0x4d/0x180
[   92.442667]  [<ffffffff8111fe0a>] free_page_and_swap_cache+0x2a/0x60
[   92.442670]  [<ffffffff81110210>] unmap_vmas+0x7c0/0x9f0
[   92.442673]  [<ffffffff811155ab>] exit_mmap+0xbb/0x190
[   92.442676]  [<ffffffff810615bd>] mmput+0x4d/0x110
[   92.442679]  [<ffffffff81067ca2>] exit_mm+0x112/0x150
[   92.442681]  [<ffffffff8106801d>] do_exit+0x12d/0x7f0
[   92.442685]  [<ffffffff81075d0d>] ? __sigqueue_free+0x3d/0x50
[   92.442688]  [<ffffffff810788c1>] ? __dequeue_signal+0xe1/0x1f0
[   92.442691]  [<ffffffff81068735>] do_group_exit+0x55/0xd0
[   92.442693]  [<ffffffff81078f67>] get_signal_to_deliver+0x1d7/0x3d0
[   92.442697]  [<ffffffff81011315>] do_signal+0x75/0x7a0
[   92.442700]  [<ffffffff8110e103>] ? print_vma_addr+0xb3/0x120
[   92.442703]  [<ffffffff81528583>] ? printk+0x41/0x46
[   92.442706]  [<ffffffff8103e6f6>] ? __bad_area_nosemaphore+0xf6/0x1e0
[   92.442709]  [<ffffffff8103e84e>] ? bad_area+0x4e/0x60
[   92.442712]  [<ffffffff81011a9d>] do_notify_resume+0x5d/0x80
[   92.442715]  [<ffffffff81012adc>] retint_signal+0x48/0x8c
[   92.442718] BUG: Bad page map in process dillo  pte:09e9a067 pmd:09e94067
[   92.442721] page:ffffea000022b1b0 flags:0100000000000014 count:1 mapcount:-1 mapping:(null) index:0
[   92.442723] addr:00005ffef8009000 vm_flags:0000000b anon_vma:(null) mapping:(null) index:5ffef8009
[   92.442726] Pid: 1671, comm: dillo Tainted: G    B      2.6.32pos2 #4
[   92.442728] Call Trace:
[   92.442730]  [<ffffffff8110e872>] print_bad_pte+0x1d2/0x280
[   92.442734]  [<ffffffff810f98fd>] ? put_page+0x4d/0x180
[   92.442737]  [<ffffffff81110360>] unmap_vmas+0x910/0x9f0
[   92.442740]  [<ffffffff811155ab>] exit_mmap+0xbb/0x190
[   92.442743]  [<ffffffff810615bd>] mmput+0x4d/0x110
[   92.442746]  [<ffffffff81067ca2>] exit_mm+0x112/0x150
[   92.442748]  [<ffffffff8106801d>] do_exit+0x12d/0x7f0
[   92.442752]  [<ffffffff81075d0d>] ? __sigqueue_free+0x3d/0x50
[   92.442755]  [<ffffffff810788c1>] ? __dequeue_signal+0xe1/0x1f0
[   92.442758]  [<ffffffff81068735>] do_group_exit+0x55/0xd0
[   92.442760]  [<ffffffff81078f67>] get_signal_to_deliver+0x1d7/0x3d0
[   92.442764]  [<ffffffff81011315>] do_signal+0x75/0x7a0
[   92.442767]  [<ffffffff8110e103>] ? print_vma_addr+0xb3/0x120
[   92.442770]  [<ffffffff81528583>] ? printk+0x41/0x46
[   92.442773]  [<ffffffff8103e6f6>] ? __bad_area_nosemaphore+0xf6/0x1e0
[   92.442775]  [<ffffffff8103e84e>] ? bad_area+0x4e/0x60
[   92.442779]  [<ffffffff81011a9d>] do_notify_resume+0x5d/0x80
[   92.442781]  [<ffffffff81012adc>] retint_signal+0x48/0x8c
[   92.442784] BUG: Bad page state in process dillo  pfn:09e9a
[   92.442786] page:ffffea000022b1b0 flags:0100000000000014 count:0 mapcount:-1 mapping:(null) index:0
[   92.442789] Pid: 1671, comm: dillo Tainted: G    B      2.6.32pos2 #4
[   92.442791] Call Trace:
[   92.442793]  [<ffffffff810f3c25>] bad_page+0xf5/0x150
[   92.442796]  [<ffffffff8101606c>] ? show_trace_log_lvl+0x5c/0x80
[   92.442800]  [<ffffffff810f6bb7>] free_hot_cold_page+0x1e7/0x240
[   92.442803]  [<ffffffff810f6cef>] free_hot_page+0x2f/0x60
[   92.442806]  [<ffffffff810f98fd>] put_page+0x4d/0x180
[   92.442809]  [<ffffffff8111fe0a>] free_page_and_swap_cache+0x2a/0x60
[   92.442812]  [<ffffffff81110210>] unmap_vmas+0x7c0/0x9f0
[   92.442815]  [<ffffffff811155ab>] exit_mmap+0xbb/0x190
[   92.442821]  [<ffffffff810615bd>] mmput+0x4d/0x110
[   92.442824]  [<ffffffff81067ca2>] exit_mm+0x112/0x150
[   92.442827]  [<ffffffff8106801d>] do_exit+0x12d/0x7f0
[   92.442830]  [<ffffffff81075d0d>] ? __sigqueue_free+0x3d/0x50
[   92.442833]  [<ffffffff810788c1>] ? __dequeue_signal+0xe1/0x1f0
[   92.442836]  [<ffffffff81068735>] do_group_exit+0x55/0xd0
[   92.442839]  [<ffffffff81078f67>] get_signal_to_deliver+0x1d7/0x3d0
[   92.442843]  [<ffffffff81011315>] do_signal+0x75/0x7a0
[   92.442846]  [<ffffffff8110e103>] ? print_vma_addr+0xb3/0x120
[   92.442849]  [<ffffffff81528583>] ? printk+0x41/0x46
[   92.442851]  [<ffffffff8103e6f6>] ? __bad_area_nosemaphore+0xf6/0x1e0
[   92.442854]  [<ffffffff8103e84e>] ? bad_area+0x4e/0x60
[   92.442857]  [<ffffffff81011a9d>] do_notify_resume+0x5d/0x80
[   92.442860]  [<ffffffff81012adc>] retint_signal+0x48/0x8c
[   92.442863] BUG: Bad page map in process dillo  pte:09e9c067 pmd:09e94067
[   92.442866] page:ffffea000022b220 flags:0100000000000014 count:1 mapcount:-1 mapping:(null) index:0
[   92.442869] addr:00005ffef800a000 vm_flags:0000000b anon_vma:(null) mapping:(null) index:5ffef800a
[   92.442872] Pid: 1671, comm: dillo Tainted: G    B      2.6.32pos2 #4
[   92.442874] Call Trace:
[   92.442876]  [<ffffffff8110e872>] print_bad_pte+0x1d2/0x280
[   92.442880]  [<ffffffff810f98fd>] ? put_page+0x4d/0x180
[   92.442883]  [<ffffffff81110360>] unmap_vmas+0x910/0x9f0
[   92.442886]  [<ffffffff811155ab>] exit_mmap+0xbb/0x190
[   92.442889]  [<ffffffff810615bd>] mmput+0x4d/0x110
[   92.442892]  [<ffffffff81067ca2>] exit_mm+0x112/0x150
[   92.442894]  [<ffffffff8106801d>] do_exit+0x12d/0x7f0
[   92.442898]  [<ffffffff81075d0d>] ? __sigqueue_free+0x3d/0x50
[   92.442901]  [<ffffffff810788c1>] ? __dequeue_signal+0xe1/0x1f0
[   92.442904]  [<ffffffff81068735>] do_group_exit+0x55/0xd0
[   92.442906]  [<ffffffff81078f67>] get_signal_to_deliver+0x1d7/0x3d0
[   92.442910]  [<ffffffff81011315>] do_signal+0x75/0x7a0
[   92.442913]  [<ffffffff8110e103>] ? print_vma_addr+0xb3/0x120
[   92.442916]  [<ffffffff81528583>] ? printk+0x41/0x46
[   92.442919]  [<ffffffff8103e6f6>] ? __bad_area_nosemaphore+0xf6/0x1e0
[   92.442922]  [<ffffffff8103e84e>] ? bad_area+0x4e/0x60
[   92.442925]  [<ffffffff81011a9d>] do_notify_resume+0x5d/0x80
[   92.442927]  [<ffffffff81012adc>] retint_signal+0x48/0x8c
[   92.442930] BUG: Bad page state in process dillo  pfn:09e9c
[   92.442932] page:ffffea000022b220 flags:0100000000000014 count:0 mapcount:-1 mapping:(null) index:0
[   92.442935] Pid: 1671, comm: dillo Tainted: G    B      2.6.32pos2 #4
[   92.442937] Call Trace:
[   92.442940]  [<ffffffff810f3c25>] bad_page+0xf5/0x150
[   92.442943]  [<ffffffff8101606c>] ? show_trace_log_lvl+0x5c/0x80
[   92.442946]  [<ffffffff810f6bb7>] free_hot_cold_page+0x1e7/0x240
[   92.442949]  [<ffffffff810f6cef>] free_hot_page+0x2f/0x60
[   92.442952]  [<ffffffff810f98fd>] put_page+0x4d/0x180
[   92.442955]  [<ffffffff8111fe0a>] free_page_and_swap_cache+0x2a/0x60
[   92.442958]  [<ffffffff81110210>] unmap_vmas+0x7c0/0x9f0
[   92.442961]  [<ffffffff811155ab>] exit_mmap+0xbb/0x190
[   92.442964]  [<ffffffff810615bd>] mmput+0x4d/0x110
[   92.442967]  [<ffffffff81067ca2>] exit_mm+0x112/0x150
[   92.442969]  [<ffffffff8106801d>] do_exit+0x12d/0x7f0
[   92.442973]  [<ffffffff81075d0d>] ? __sigqueue_free+0x3d/0x50
[   92.442976]  [<ffffffff810788c1>] ? __dequeue_signal+0xe1/0x1f0
[   92.442979]  [<ffffffff81068735>] do_group_exit+0x55/0xd0
[   92.442981]  [<ffffffff81078f67>] get_signal_to_deliver+0x1d7/0x3d0
[   92.442985]  [<ffffffff81011315>] do_signal+0x75/0x7a0
[   92.442988]  [<ffffffff8110e103>] ? print_vma_addr+0xb3/0x120
[   92.443313]  [<ffffffff81528583>] ? printk+0x41/0x46
[   92.443318]  [<ffffffff8103e6f6>] ? __bad_area_nosemaphore+0xf6/0x1e0
[   92.443321]  [<ffffffff8103e84e>] ? bad_area+0x4e/0x60
[   92.443325]  [<ffffffff81011a9d>] do_notify_resume+0x5d/0x80
[   92.443334]  [<ffffffff81012adc>] retint_signal+0x48/0x8c
[   92.443338] BUG: Bad page map in process dillo  pte:09e9f067 pmd:09e94067
[   92.443341] page:ffffea000022b2c8 flags:0100000000000014 count:1 mapcount:-1 mapping:(null) index:0
[   92.443344] addr:00005ffef800b000 vm_flags:0000000b anon_vma:(null) mapping:(null) index:5ffef800b
[   92.443347] Pid: 1671, comm: dillo Tainted: G    B      2.6.32pos2 #4
[   92.443349] Call Trace:
[   92.443352]  [<ffffffff8110e872>] print_bad_pte+0x1d2/0x280
[   92.443355]  [<ffffffff810f98fd>] ? put_page+0x4d/0x180
[   92.443358]  [<ffffffff81110360>] unmap_vmas+0x910/0x9f0
[   92.443362]  [<ffffffff811155ab>] exit_mmap+0xbb/0x190
[   92.443365]  [<ffffffff810615bd>] mmput+0x4d/0x110
[   92.443367]  [<ffffffff81067ca2>] exit_mm+0x112/0x150
[   92.443370]  [<ffffffff8106801d>] do_exit+0x12d/0x7f0
[   92.443373]  [<ffffffff81075d0d>] ? __sigqueue_free+0x3d/0x50
[   92.443376]  [<ffffffff810788c1>] ? __dequeue_signal+0xe1/0x1f0
[   92.443380]  [<ffffffff81068735>] do_group_exit+0x55/0xd0
[   92.443382]  [<ffffffff81078f67>] get_signal_to_deliver+0x1d7/0x3d0
[   92.443386]  [<ffffffff81011315>] do_signal+0x75/0x7a0
[   92.443389]  [<ffffffff8110e103>] ? print_vma_addr+0xb3/0x120
[   92.443392]  [<ffffffff81528583>] ? printk+0x41/0x46
[   92.443395]  [<ffffffff8103e6f6>] ? __bad_area_nosemaphore+0xf6/0x1e0
[   92.443398]  [<ffffffff8103e84e>] ? bad_area+0x4e/0x60
[   92.443401]  [<ffffffff81011a9d>] do_notify_resume+0x5d/0x80
[   92.443404]  [<ffffffff81012adc>] retint_signal+0x48/0x8c
[   92.443406] BUG: Bad page state in process dillo  pfn:09e9f
[   92.443409] page:ffffea000022b2c8 flags:0100000000000014 count:0 mapcount:-1 mapping:(null) index:0
[   92.443412] Pid: 1671, comm: dillo Tainted: G    B      2.6.32pos2 #4
[   92.443413] Call Trace:
[   92.443416]  [<ffffffff810f3c25>] bad_page+0xf5/0x150
[   92.443419]  [<ffffffff8101606c>] ? show_trace_log_lvl+0x5c/0x80
[   92.443422]  [<ffffffff810f6bb7>] free_hot_cold_page+0x1e7/0x240
[   92.443426]  [<ffffffff810f6cef>] free_hot_page+0x2f/0x60
[   92.443429]  [<ffffffff810f98fd>] put_page+0x4d/0x180
[   92.443431]  [<ffffffff8111fe0a>] free_page_and_swap_cache+0x2a/0x60
[   92.443434]  [<ffffffff81110210>] unmap_vmas+0x7c0/0x9f0
[   92.443438]  [<ffffffff811155ab>] exit_mmap+0xbb/0x190
[   92.443441]  [<ffffffff810615bd>] mmput+0x4d/0x110
[   92.443443]  [<ffffffff81067ca2>] exit_mm+0x112/0x150
[   92.443446]  [<ffffffff8106801d>] do_exit+0x12d/0x7f0
[   92.443450]  [<ffffffff81075d0d>] ? __sigqueue_free+0x3d/0x50
[   92.443452]  [<ffffffff810788c1>] ? __dequeue_signal+0xe1/0x1f0
[   92.443455]  [<ffffffff81068735>] do_group_exit+0x55/0xd0
[   92.443458]  [<ffffffff81078f67>] get_signal_to_deliver+0x1d7/0x3d0
[   92.443462]  [<ffffffff81011315>] do_signal+0x75/0x7a0
[   92.443465]  [<ffffffff8110e103>] ? print_vma_addr+0xb3/0x120
[   92.443468]  [<ffffffff81528583>] ? printk+0x41/0x46
[   92.443471]  [<ffffffff8103e6f6>] ? __bad_area_nosemaphore+0xf6/0x1e0
[   92.443473]  [<ffffffff8103e84e>] ? bad_area+0x4e/0x60
[   92.443477]  [<ffffffff81011a9d>] do_notify_resume+0x5d/0x80
[   92.443479]  [<ffffffff81012adc>] retint_signal+0x48/0x8c
[   92.443482] BUG: Bad page map in process dillo  pte:09e9e067 pmd:09e94067
[   92.443486] page:ffffea000022b290 flags:0100000000000014 count:1 mapcount:-1 mapping:(null) index:ffff880009e9ef00
[   92.443488] addr:00005ffef800c000 vm_flags:0000000b anon_vma:(null) mapping:(null) index:5ffef800c
[   92.443491] Pid: 1671, comm: dillo Tainted: G    B      2.6.32pos2 #4
[   92.443493] Call Trace:
